Iteration 0: MARL relay=131, Greedy relay=131
/home/shrv1028/aoi-venv/lib/python3.11/site-packages/numpy/_core/fromnumeric.py:3824: RuntimeWarning: Mean of empty slice
  return _methods._mean(a, axis=axis, dtype=dtype,
/home/shrv1028/aoi-venv/lib/python3.11/site-packages/numpy/_core/_methods.py:142: RuntimeWarning: invalid value encountered in scalar divide
  ret = ret.dtype.type(ret / rcount)
Iteration 1/50000 completed. Epsilon: 0.199979 Average AoI MARL: nan, Greedy: nan
Iteration 100: MARL relay=381, Greedy relay=381
Iteration 200: MARL relay=365, Greedy relay=365
Iteration 300: MARL relay=434, Greedy relay=434
Iteration 400: MARL relay=393, Greedy relay=393
Iteration 500: MARL relay=404, Greedy relay=404
Iteration 600: MARL relay=402, Greedy relay=402
Iteration 700: MARL relay=385, Greedy relay=385
Iteration 800: MARL relay=391, Greedy relay=391
Iteration 900: MARL relay=401, Greedy relay=401
Iteration 1000: MARL relay=361, Greedy relay=361
Iteration 1001/50000 completed. Epsilon: 0.179872 Average AoI MARL: 11.49, Greedy: 14.38
Iteration 1100: MARL relay=386, Greedy relay=386
Iteration 1200: MARL relay=387, Greedy relay=387
Iteration 1300: MARL relay=392, Greedy relay=392
Iteration 1400: MARL relay=384, Greedy relay=384
Iteration 1500: MARL relay=400, Greedy relay=400
Iteration 1600: MARL relay=390, Greedy relay=390
Iteration 1700: MARL relay=416, Greedy relay=416
Iteration 1800: MARL relay=382, Greedy relay=382
Iteration 1900: MARL relay=383, Greedy relay=383
Iteration 2000: MARL relay=360, Greedy relay=360
Iteration 2001/50000 completed. Epsilon: 0.161787 Average AoI MARL: 12.52, Greedy: 22.02
Iteration 2100: MARL relay=410, Greedy relay=410
Iteration 2200: MARL relay=396, Greedy relay=396
Iteration 2300: MARL relay=405, Greedy relay=405
Iteration 2400: MARL relay=398, Greedy relay=398
Iteration 2500: MARL relay=381, Greedy relay=381
Iteration 2600: MARL relay=374, Greedy relay=374
Iteration 2700: MARL relay=419, Greedy relay=419
Iteration 2800: MARL relay=392, Greedy relay=392
Iteration 2900: MARL relay=365, Greedy relay=365
Iteration 3000: MARL relay=392, Greedy relay=392
Iteration 3001/50000 completed. Epsilon: 0.145520 Average AoI MARL: 13.32, Greedy: 28.15
Iteration 3100: MARL relay=398, Greedy relay=398
Iteration 3200: MARL relay=364, Greedy relay=364
Iteration 3300: MARL relay=375, Greedy relay=375
Iteration 3400: MARL relay=396, Greedy relay=396
Iteration 3500: MARL relay=383, Greedy relay=383
Iteration 3600: MARL relay=394, Greedy relay=394
Iteration 3700: MARL relay=370, Greedy relay=370
Iteration 3800: MARL relay=379, Greedy relay=379
Iteration 3900: MARL relay=377, Greedy relay=377
Iteration 4000: MARL relay=400, Greedy relay=400
Iteration 4001/50000 completed. Epsilon: 0.130889 Average AoI MARL: 12.76, Greedy: 29.02
Iteration 4100: MARL relay=397, Greedy relay=397
Iteration 4200: MARL relay=371, Greedy relay=371
Iteration 4300: MARL relay=411, Greedy relay=411
Iteration 4400: MARL relay=383, Greedy relay=383
Iteration 4500: MARL relay=382, Greedy relay=382
Iteration 4600: MARL relay=422, Greedy relay=422
Iteration 4700: MARL relay=415, Greedy relay=415
Iteration 4800: MARL relay=383, Greedy relay=383
Iteration 4900: MARL relay=406, Greedy relay=406
Iteration 5000: MARL relay=372, Greedy relay=372
Iteration 5001/50000 completed. Epsilon: 0.117728 Average AoI MARL: 12.84, Greedy: 30.79
Iteration 5100: MARL relay=387, Greedy relay=387
Iteration 5200: MARL relay=383, Greedy relay=383
Iteration 5300: MARL relay=380, Greedy relay=380
Iteration 5400: MARL relay=367, Greedy relay=367
Iteration 5500: MARL relay=392, Greedy relay=392
Iteration 5600: MARL relay=364, Greedy relay=364
Iteration 5700: MARL relay=369, Greedy relay=369
Iteration 5800: MARL relay=373, Greedy relay=373
Iteration 5900: MARL relay=384, Greedy relay=384
Iteration 6000: MARL relay=380, Greedy relay=380
Iteration 6001/50000 completed. Epsilon: 0.105891 Average AoI MARL: 12.38, Greedy: 29.08
Iteration 6100: MARL relay=366, Greedy relay=366
Iteration 6200: MARL relay=380, Greedy relay=380
Iteration 6300: MARL relay=390, Greedy relay=390
Iteration 6400: MARL relay=419, Greedy relay=419
Iteration 6500: MARL relay=360, Greedy relay=360
Iteration 6600: MARL relay=388, Greedy relay=388
Iteration 6700: MARL relay=367, Greedy relay=367
Iteration 6800: MARL relay=394, Greedy relay=394
Iteration 6900: MARL relay=404, Greedy relay=404
Iteration 7000: MARL relay=385, Greedy relay=385
Iteration 7001/50000 completed. Epsilon: 0.095244 Average AoI MARL: 11.07, Greedy: 26.78
Iteration 7100: MARL relay=415, Greedy relay=415
Iteration 7200: MARL relay=406, Greedy relay=406
Iteration 7300: MARL relay=400, Greedy relay=400
Iteration 7400: MARL relay=380, Greedy relay=380
Iteration 7500: MARL relay=378, Greedy relay=378
Iteration 7600: MARL relay=418, Greedy relay=418
Iteration 7700: MARL relay=383, Greedy relay=383
Iteration 7800: MARL relay=368, Greedy relay=368
Iteration 7900: MARL relay=368, Greedy relay=368
Iteration 8000: MARL relay=381, Greedy relay=381
Iteration 8001/50000 completed. Epsilon: 0.085668 Average AoI MARL: 12.02, Greedy: 28.11
Iteration 8100: MARL relay=380, Greedy relay=380
Iteration 8200: MARL relay=391, Greedy relay=391
Iteration 8300: MARL relay=405, Greedy relay=405
Iteration 8400: MARL relay=379, Greedy relay=379
Iteration 8500: MARL relay=388, Greedy relay=388
Iteration 8600: MARL relay=381, Greedy relay=381
Iteration 8700: MARL relay=406, Greedy relay=406
Iteration 8800: MARL relay=397, Greedy relay=397
Iteration 8900: MARL relay=396, Greedy relay=396
Iteration 9000: MARL relay=376, Greedy relay=376
Iteration 9001/50000 completed. Epsilon: 0.077055 Average AoI MARL: 11.74, Greedy: 30.72
Iteration 9100: MARL relay=408, Greedy relay=408
Iteration 9200: MARL relay=386, Greedy relay=386
Iteration 9300: MARL relay=386, Greedy relay=386
Iteration 9400: MARL relay=388, Greedy relay=388
Iteration 9500: MARL relay=358, Greedy relay=358
Iteration 9600: MARL relay=368, Greedy relay=368
Iteration 9700: MARL relay=352, Greedy relay=352
Iteration 9800: MARL relay=382, Greedy relay=382
Iteration 9900: MARL relay=411, Greedy relay=411
Iteration 10000: MARL relay=389, Greedy relay=389
Iteration 10001/50000 completed. Epsilon: 0.069307 Average AoI MARL: 11.03, Greedy: 30.12
Iteration 10100: MARL relay=396, Greedy relay=396
Iteration 10200: MARL relay=392, Greedy relay=392
Iteration 10300: MARL relay=379, Greedy relay=379
Iteration 10400: MARL relay=360, Greedy relay=360
Iteration 10500: MARL relay=405, Greedy relay=405
Iteration 10600: MARL relay=395, Greedy relay=395
Iteration 10700: MARL relay=379, Greedy relay=379
Iteration 10800: MARL relay=371, Greedy relay=371
Iteration 10900: MARL relay=399, Greedy relay=399
Iteration 11000: MARL relay=389, Greedy relay=389
Iteration 11001/50000 completed. Epsilon: 0.062339 Average AoI MARL: 11.09, Greedy: 29.34
Iteration 11100: MARL relay=376, Greedy relay=376
Iteration 11200: MARL relay=376, Greedy relay=376
Iteration 11300: MARL relay=369, Greedy relay=369
Iteration 11400: MARL relay=391, Greedy relay=391
Iteration 11500: MARL relay=374, Greedy relay=374
Iteration 11600: MARL relay=393, Greedy relay=393
Iteration 11700: MARL relay=381, Greedy relay=381
Iteration 11800: MARL relay=392, Greedy relay=392
Iteration 11900: MARL relay=399, Greedy relay=399
Iteration 12000: MARL relay=365, Greedy relay=365
Iteration 12001/50000 completed. Epsilon: 0.056071 Average AoI MARL: 10.73, Greedy: 29.21
Iteration 12100: MARL relay=353, Greedy relay=353
Iteration 12200: MARL relay=411, Greedy relay=411
Iteration 12300: MARL relay=395, Greedy relay=395
Iteration 12400: MARL relay=387, Greedy relay=387
Iteration 12500: MARL relay=370, Greedy relay=370
Iteration 12600: MARL relay=368, Greedy relay=368
Iteration 12700: MARL relay=421, Greedy relay=421
Iteration 12800: MARL relay=391, Greedy relay=391
Iteration 12900: MARL relay=371, Greedy relay=371
Iteration 13000: MARL relay=367, Greedy relay=367
Iteration 13001/50000 completed. Epsilon: 0.050433 Average AoI MARL: 10.51, Greedy: 26.58
Iteration 13100: MARL relay=402, Greedy relay=402
Iteration 13200: MARL relay=380, Greedy relay=380
Iteration 13300: MARL relay=377, Greedy relay=377
Iteration 13400: MARL relay=365, Greedy relay=365
Iteration 13500: MARL relay=398, Greedy relay=398
Iteration 13600: MARL relay=382, Greedy relay=382
Iteration 13700: MARL relay=406, Greedy relay=406
Iteration 13800: MARL relay=398, Greedy relay=398
Iteration 13900: MARL relay=369, Greedy relay=369
Iteration 14000: MARL relay=401, Greedy relay=401
Iteration 14001/50000 completed. Epsilon: 0.045362 Average AoI MARL: 10.99, Greedy: 30.20
Iteration 14100: MARL relay=382, Greedy relay=382
Iteration 14200: MARL relay=351, Greedy relay=351
Iteration 14300: MARL relay=349, Greedy relay=349
Iteration 14400: MARL relay=383, Greedy relay=383
Iteration 14500: MARL relay=405, Greedy relay=405
Iteration 14600: MARL relay=358, Greedy relay=358
Iteration 14700: MARL relay=391, Greedy relay=391
Iteration 14800: MARL relay=420, Greedy relay=420
Iteration 14900: MARL relay=423, Greedy relay=423
Iteration 15000: MARL relay=385, Greedy relay=385
Iteration 15001/50000 completed. Epsilon: 0.040801 Average AoI MARL: 10.24, Greedy: 29.42
Iteration 15100: MARL relay=388, Greedy relay=388
Iteration 15200: MARL relay=412, Greedy relay=412
Iteration 15300: MARL relay=361, Greedy relay=361
Iteration 15400: MARL relay=409, Greedy relay=409
Iteration 15500: MARL relay=362, Greedy relay=362
Iteration 15600: MARL relay=381, Greedy relay=381
Iteration 15700: MARL relay=375, Greedy relay=375
Iteration 15800: MARL relay=402, Greedy relay=402
Iteration 15900: MARL relay=393, Greedy relay=393
Iteration 16000: MARL relay=340, Greedy relay=340
Iteration 16001/50000 completed. Epsilon: 0.036699 Average AoI MARL: 10.05, Greedy: 28.24
Iteration 16100: MARL relay=388, Greedy relay=388
Iteration 16200: MARL relay=363, Greedy relay=363
Iteration 16300: MARL relay=405, Greedy relay=405
Iteration 16400: MARL relay=377, Greedy relay=377
Iteration 16500: MARL relay=420, Greedy relay=420
Iteration 16600: MARL relay=375, Greedy relay=375
Iteration 16700: MARL relay=371, Greedy relay=371
Iteration 16800: MARL relay=391, Greedy relay=391
Iteration 16900: MARL relay=380, Greedy relay=380
Iteration 17000: MARL relay=385, Greedy relay=385
Iteration 17001/50000 completed. Epsilon: 0.033009 Average AoI MARL: 10.39, Greedy: 27.45
Iteration 17100: MARL relay=361, Greedy relay=361
Iteration 17200: MARL relay=371, Greedy relay=371
Iteration 17300: MARL relay=352, Greedy relay=352
Iteration 17400: MARL relay=409, Greedy relay=409
Iteration 17500: MARL relay=379, Greedy relay=379
Iteration 17600: MARL relay=366, Greedy relay=366
Iteration 17700: MARL relay=372, Greedy relay=372
Iteration 17800: MARL relay=362, Greedy relay=362
Iteration 17900: MARL relay=402, Greedy relay=402
Iteration 18000: MARL relay=386, Greedy relay=386
Iteration 18001/50000 completed. Epsilon: 0.029690 Average AoI MARL: 10.09, Greedy: 25.96
Iteration 18100: MARL relay=370, Greedy relay=370
Iteration 18200: MARL relay=422, Greedy relay=422
Iteration 18300: MARL relay=366, Greedy relay=366
Iteration 18400: MARL relay=386, Greedy relay=386
Iteration 18500: MARL relay=402, Greedy relay=402
Iteration 18600: MARL relay=415, Greedy relay=415
Iteration 18700: MARL relay=372, Greedy relay=372
Iteration 18800: MARL relay=403, Greedy relay=403
Iteration 18900: MARL relay=400, Greedy relay=400
Iteration 19000: MARL relay=376, Greedy relay=376
Iteration 19001/50000 completed. Epsilon: 0.026705 Average AoI MARL: 10.51, Greedy: 29.12
Iteration 19100: MARL relay=379, Greedy relay=379
Iteration 19200: MARL relay=398, Greedy relay=398
Iteration 19300: MARL relay=407, Greedy relay=407
Iteration 19400: MARL relay=410, Greedy relay=410
Iteration 19500: MARL relay=415, Greedy relay=415
Iteration 19600: MARL relay=364, Greedy relay=364
Iteration 19700: MARL relay=384, Greedy relay=384
Iteration 19800: MARL relay=388, Greedy relay=388
Iteration 19900: MARL relay=349, Greedy relay=349
Iteration 20000: MARL relay=394, Greedy relay=394
Iteration 20001/50000 completed. Epsilon: 0.024020 Average AoI MARL: 10.46, Greedy: 30.94
Iteration 20100: MARL relay=395, Greedy relay=395
Iteration 20200: MARL relay=348, Greedy relay=348
Iteration 20300: MARL relay=383, Greedy relay=383
Iteration 20400: MARL relay=399, Greedy relay=399
Iteration 20500: MARL relay=377, Greedy relay=377
Iteration 20600: MARL relay=419, Greedy relay=419
Iteration 20700: MARL relay=365, Greedy relay=365
Iteration 20800: MARL relay=420, Greedy relay=420
Iteration 20900: MARL relay=423, Greedy relay=423
Iteration 21000: MARL relay=346, Greedy relay=346
Iteration 21001/50000 completed. Epsilon: 0.021605 Average AoI MARL: 10.66, Greedy: 32.40
Iteration 21100: MARL relay=409, Greedy relay=409
Iteration 21200: MARL relay=400, Greedy relay=400
Iteration 21300: MARL relay=408, Greedy relay=408
Iteration 21400: MARL relay=376, Greedy relay=376
Iteration 21500: MARL relay=392, Greedy relay=392
Iteration 21600: MARL relay=338, Greedy relay=338
Iteration 21700: MARL relay=366, Greedy relay=366
Iteration 21800: MARL relay=380, Greedy relay=380
Iteration 21900: MARL relay=400, Greedy relay=400
Iteration 22000: MARL relay=369, Greedy relay=369
Iteration 22001/50000 completed. Epsilon: 0.019433 Average AoI MARL: 10.09, Greedy: 30.55
Iteration 22100: MARL relay=364, Greedy relay=364
Iteration 22200: MARL relay=405, Greedy relay=405
Iteration 22300: MARL relay=385, Greedy relay=385
Iteration 22400: MARL relay=390, Greedy relay=390
Iteration 22500: MARL relay=361, Greedy relay=361
Iteration 22600: MARL relay=399, Greedy relay=399
Iteration 22700: MARL relay=388, Greedy relay=388
Iteration 22800: MARL relay=383, Greedy relay=383
Iteration 22900: MARL relay=382, Greedy relay=382
Iteration 23000: MARL relay=412, Greedy relay=412
Iteration 23001/50000 completed. Epsilon: 0.017479 Average AoI MARL: 10.30, Greedy: 28.00
Iteration 23100: MARL relay=385, Greedy relay=385
Iteration 23200: MARL relay=376, Greedy relay=376
Iteration 23300: MARL relay=425, Greedy relay=425
Iteration 23400: MARL relay=405, Greedy relay=405
Iteration 23500: MARL relay=384, Greedy relay=384
Iteration 23600: MARL relay=393, Greedy relay=393
Iteration 23700: MARL relay=410, Greedy relay=410
Iteration 23800: MARL relay=349, Greedy relay=349
Iteration 23900: MARL relay=419, Greedy relay=419
Iteration 24000: MARL relay=390, Greedy relay=390
Iteration 24001/50000 completed. Epsilon: 0.015721 Average AoI MARL: 10.11, Greedy: 27.46
Iteration 24100: MARL relay=350, Greedy relay=350
Iteration 24200: MARL relay=355, Greedy relay=355
Iteration 24300: MARL relay=352, Greedy relay=352
Iteration 24400: MARL relay=380, Greedy relay=380
Iteration 24500: MARL relay=363, Greedy relay=363
Iteration 24600: MARL relay=444, Greedy relay=444
Iteration 24700: MARL relay=365, Greedy relay=365
Iteration 24800: MARL relay=393, Greedy relay=393
Iteration 24900: MARL relay=402, Greedy relay=402
Iteration 25000: MARL relay=402, Greedy relay=402
Iteration 25001/50000 completed. Epsilon: 0.014141 Average AoI MARL: 10.51, Greedy: 30.35
Iteration 25100: MARL relay=401, Greedy relay=401
Iteration 25200: MARL relay=390, Greedy relay=390
Iteration 25300: MARL relay=378, Greedy relay=378
Iteration 25400: MARL relay=361, Greedy relay=361
Iteration 25500: MARL relay=401, Greedy relay=401
Iteration 25600: MARL relay=376, Greedy relay=376
Iteration 25700: MARL relay=385, Greedy relay=385
Iteration 25800: MARL relay=426, Greedy relay=426
Iteration 25900: MARL relay=386, Greedy relay=386
Iteration 26000: MARL relay=374, Greedy relay=374
Iteration 26001/50000 completed. Epsilon: 0.012719 Average AoI MARL: 10.34, Greedy: 30.26
Iteration 26100: MARL relay=372, Greedy relay=372
Iteration 26200: MARL relay=390, Greedy relay=390
Iteration 26300: MARL relay=373, Greedy relay=373
Iteration 26400: MARL relay=396, Greedy relay=396
Iteration 26500: MARL relay=374, Greedy relay=374
Iteration 26600: MARL relay=374, Greedy relay=374
Iteration 26700: MARL relay=403, Greedy relay=403
Iteration 26800: MARL relay=396, Greedy relay=396
Iteration 26900: MARL relay=367, Greedy relay=367
Iteration 27000: MARL relay=407, Greedy relay=407
Iteration 27001/50000 completed. Epsilon: 0.011440 Average AoI MARL: 10.25, Greedy: 30.20
Iteration 27100: MARL relay=355, Greedy relay=355
Iteration 27200: MARL relay=401, Greedy relay=401
Iteration 27300: MARL relay=381, Greedy relay=381
Iteration 27400: MARL relay=350, Greedy relay=350
Iteration 27500: MARL relay=365, Greedy relay=365
Iteration 27600: MARL relay=402, Greedy relay=402
Iteration 27700: MARL relay=382, Greedy relay=382
Iteration 27800: MARL relay=357, Greedy relay=357
Iteration 27900: MARL relay=390, Greedy relay=390
Iteration 28000: MARL relay=400, Greedy relay=400
Iteration 28001/50000 completed. Epsilon: 0.010290 Average AoI MARL: 9.99, Greedy: 30.51
Iteration 28100: MARL relay=350, Greedy relay=350
Iteration 28200: MARL relay=390, Greedy relay=390
Iteration 28300: MARL relay=384, Greedy relay=384
Iteration 28400: MARL relay=390, Greedy relay=390
Iteration 28500: MARL relay=394, Greedy relay=394
Iteration 28600: MARL relay=382, Greedy relay=382
Iteration 28700: MARL relay=377, Greedy relay=377
Iteration 28800: MARL relay=385, Greedy relay=385
Iteration 28900: MARL relay=393, Greedy relay=393
Iteration 29000: MARL relay=402, Greedy relay=402
Iteration 29001/50000 completed. Epsilon: 0.009255 Average AoI MARL: 10.14, Greedy: 29.91
Iteration 29100: MARL relay=408, Greedy relay=408
Iteration 29200: MARL relay=403, Greedy relay=403
Iteration 29300: MARL relay=375, Greedy relay=375
Iteration 29400: MARL relay=383, Greedy relay=383
Iteration 29500: MARL relay=374, Greedy relay=374
Iteration 29600: MARL relay=384, Greedy relay=384
Iteration 29700: MARL relay=353, Greedy relay=353
Iteration 29800: MARL relay=418, Greedy relay=418
Iteration 29900: MARL relay=368, Greedy relay=368
Iteration 30000: MARL relay=369, Greedy relay=369
Iteration 30001/50000 completed. Epsilon: 0.008325 Average AoI MARL: 10.51, Greedy: 33.29
Iteration 30100: MARL relay=409, Greedy relay=409
Iteration 30200: MARL relay=433, Greedy relay=433
Iteration 30300: MARL relay=399, Greedy relay=399
Iteration 30400: MARL relay=386, Greedy relay=386
Iteration 30500: MARL relay=389, Greedy relay=389
Iteration 30600: MARL relay=336, Greedy relay=336
Iteration 30700: MARL relay=419, Greedy relay=419
Iteration 30800: MARL relay=362, Greedy relay=362
Iteration 30900: MARL relay=366, Greedy relay=366
Iteration 31000: MARL relay=406, Greedy relay=406
Iteration 31001/50000 completed. Epsilon: 0.007488 Average AoI MARL: 9.94, Greedy: 30.63
Iteration 31100: MARL relay=434, Greedy relay=434
Iteration 31200: MARL relay=385, Greedy relay=385
Iteration 31300: MARL relay=377, Greedy relay=377
Iteration 31400: MARL relay=364, Greedy relay=364
Iteration 31500: MARL relay=395, Greedy relay=395
Iteration 31600: MARL relay=367, Greedy relay=367
Iteration 31700: MARL relay=401, Greedy relay=401
Iteration 31800: MARL relay=406, Greedy relay=406
Iteration 31900: MARL relay=376, Greedy relay=376
Iteration 32000: MARL relay=417, Greedy relay=417
Iteration 32001/50000 completed. Epsilon: 0.006735 Average AoI MARL: 10.17, Greedy: 28.54
Iteration 32100: MARL relay=410, Greedy relay=410
Iteration 32200: MARL relay=409, Greedy relay=409
Iteration 32300: MARL relay=370, Greedy relay=370
Iteration 32400: MARL relay=390, Greedy relay=390
Iteration 32500: MARL relay=400, Greedy relay=400
Iteration 32600: MARL relay=360, Greedy relay=360
Iteration 32700: MARL relay=348, Greedy relay=348
Iteration 32800: MARL relay=388, Greedy relay=388
Iteration 32900: MARL relay=385, Greedy relay=385
Iteration 33000: MARL relay=366, Greedy relay=366
Iteration 33001/50000 completed. Epsilon: 0.006058 Average AoI MARL: 9.84, Greedy: 27.28
Iteration 33100: MARL relay=421, Greedy relay=421
Iteration 33200: MARL relay=389, Greedy relay=389
Iteration 33300: MARL relay=402, Greedy relay=402
Iteration 33400: MARL relay=401, Greedy relay=401
Iteration 33500: MARL relay=359, Greedy relay=359
Iteration 33600: MARL relay=356, Greedy relay=356
Iteration 33700: MARL relay=380, Greedy relay=380
Iteration 33800: MARL relay=382, Greedy relay=382
Iteration 33900: MARL relay=326, Greedy relay=326
Iteration 34000: MARL relay=389, Greedy relay=389
Iteration 34001/50000 completed. Epsilon: 0.005449 Average AoI MARL: 10.13, Greedy: 26.89
Iteration 34100: MARL relay=384, Greedy relay=384
Iteration 34200: MARL relay=427, Greedy relay=427
Iteration 34300: MARL relay=399, Greedy relay=399
Iteration 34400: MARL relay=381, Greedy relay=381
Iteration 34500: MARL relay=377, Greedy relay=377
Iteration 34600: MARL relay=391, Greedy relay=391
Iteration 34700: MARL relay=386, Greedy relay=386
Iteration 34800: MARL relay=363, Greedy relay=363
Iteration 34900: MARL relay=372, Greedy relay=372
Iteration 35000: MARL relay=408, Greedy relay=408
Iteration 35001/50000 completed. Epsilon: 0.004901 Average AoI MARL: 10.41, Greedy: 30.39
Iteration 35100: MARL relay=391, Greedy relay=391
Iteration 35200: MARL relay=386, Greedy relay=386
Iteration 35300: MARL relay=428, Greedy relay=428
Iteration 35400: MARL relay=430, Greedy relay=430
Iteration 35500: MARL relay=422, Greedy relay=422
Iteration 35600: MARL relay=387, Greedy relay=387
Iteration 35700: MARL relay=362, Greedy relay=362
Iteration 35800: MARL relay=401, Greedy relay=401
Iteration 35900: MARL relay=385, Greedy relay=385
Iteration 36000: MARL relay=355, Greedy relay=355
Iteration 36001/50000 completed. Epsilon: 0.004408 Average AoI MARL: 10.26, Greedy: 30.31
Iteration 36100: MARL relay=399, Greedy relay=399
Iteration 36200: MARL relay=417, Greedy relay=417
Iteration 36300: MARL relay=386, Greedy relay=386
Iteration 36400: MARL relay=388, Greedy relay=388
Iteration 36500: MARL relay=389, Greedy relay=389
Iteration 36600: MARL relay=392, Greedy relay=392
Iteration 36700: MARL relay=372, Greedy relay=372
Iteration 36800: MARL relay=396, Greedy relay=396
Iteration 36900: MARL relay=378, Greedy relay=378
Iteration 37000: MARL relay=360, Greedy relay=360
Iteration 37001/50000 completed. Epsilon: 0.003965 Average AoI MARL: 10.17, Greedy: 30.42
Iteration 37100: MARL relay=392, Greedy relay=392
Iteration 37200: MARL relay=418, Greedy relay=418
Iteration 37300: MARL relay=373, Greedy relay=373
Iteration 37400: MARL relay=366, Greedy relay=366
Iteration 37500: MARL relay=404, Greedy relay=404
Iteration 37600: MARL relay=374, Greedy relay=374
Iteration 37700: MARL relay=370, Greedy relay=370
Iteration 37800: MARL relay=399, Greedy relay=399
Iteration 37900: MARL relay=369, Greedy relay=369
Iteration 38000: MARL relay=379, Greedy relay=379
Iteration 38001/50000 completed. Epsilon: 0.003566 Average AoI MARL: 10.09, Greedy: 29.86
Iteration 38100: MARL relay=421, Greedy relay=421
Iteration 38200: MARL relay=354, Greedy relay=354
Iteration 38300: MARL relay=375, Greedy relay=375
Iteration 38400: MARL relay=373, Greedy relay=373
Iteration 38500: MARL relay=404, Greedy relay=404
Iteration 38600: MARL relay=404, Greedy relay=404
Iteration 38700: MARL relay=374, Greedy relay=374
Iteration 38800: MARL relay=402, Greedy relay=402
Iteration 38900: MARL relay=372, Greedy relay=372
Iteration 39000: MARL relay=385, Greedy relay=385
Iteration 39001/50000 completed. Epsilon: 0.003208 Average AoI MARL: 9.92, Greedy: 27.97
Iteration 39100: MARL relay=402, Greedy relay=402
Iteration 39200: MARL relay=396, Greedy relay=396
Iteration 39300: MARL relay=411, Greedy relay=411
Iteration 39400: MARL relay=406, Greedy relay=406
Iteration 39500: MARL relay=375, Greedy relay=375
Iteration 39600: MARL relay=393, Greedy relay=393
Iteration 39700: MARL relay=365, Greedy relay=365
Iteration 39800: MARL relay=372, Greedy relay=372
Iteration 39900: MARL relay=382, Greedy relay=382
Iteration 40000: MARL relay=404, Greedy relay=404
Iteration 40001/50000 completed. Epsilon: 0.002885 Average AoI MARL: 10.31, Greedy: 27.81
Iteration 40100: MARL relay=399, Greedy relay=399
Iteration 40200: MARL relay=403, Greedy relay=403
Iteration 40300: MARL relay=407, Greedy relay=407
Iteration 40400: MARL relay=401, Greedy relay=401
Iteration 40500: MARL relay=398, Greedy relay=398
Iteration 40600: MARL relay=417, Greedy relay=417
Iteration 40700: MARL relay=378, Greedy relay=378
Iteration 40800: MARL relay=379, Greedy relay=379
Iteration 40900: MARL relay=381, Greedy relay=381
Iteration 41000: MARL relay=407, Greedy relay=407
Iteration 41001/50000 completed. Epsilon: 0.002595 Average AoI MARL: 10.07, Greedy: 28.18
Iteration 41100: MARL relay=401, Greedy relay=401
Iteration 41200: MARL relay=400, Greedy relay=400
Iteration 41300: MARL relay=348, Greedy relay=348
Iteration 41400: MARL relay=400, Greedy relay=400
Iteration 41500: MARL relay=373, Greedy relay=373
Iteration 41600: MARL relay=390, Greedy relay=390
Iteration 41700: MARL relay=367, Greedy relay=367
Iteration 41800: MARL relay=359, Greedy relay=359
Iteration 41900: MARL relay=387, Greedy relay=387
Iteration 42000: MARL relay=397, Greedy relay=397
Iteration 42001/50000 completed. Epsilon: 0.002334 Average AoI MARL: 10.23, Greedy: 29.65
Iteration 42100: MARL relay=380, Greedy relay=380
Iteration 42200: MARL relay=365, Greedy relay=365
Iteration 42300: MARL relay=365, Greedy relay=365
Iteration 42400: MARL relay=378, Greedy relay=378
Iteration 42500: MARL relay=371, Greedy relay=371
Iteration 42600: MARL relay=395, Greedy relay=395
Iteration 42700: MARL relay=396, Greedy relay=396
Iteration 42800: MARL relay=374, Greedy relay=374
Iteration 42900: MARL relay=355, Greedy relay=355
Iteration 43000: MARL relay=377, Greedy relay=377
Iteration 43001/50000 completed. Epsilon: 0.002099 Average AoI MARL: 9.81, Greedy: 28.25
Iteration 43100: MARL relay=355, Greedy relay=355
Iteration 43200: MARL relay=428, Greedy relay=428
Iteration 43300: MARL relay=411, Greedy relay=411
Iteration 43400: MARL relay=361, Greedy relay=361
Iteration 43500: MARL relay=386, Greedy relay=386
Iteration 43600: MARL relay=438, Greedy relay=438
Iteration 43700: MARL relay=385, Greedy relay=385
Iteration 43800: MARL relay=382, Greedy relay=382
Iteration 43900: MARL relay=385, Greedy relay=385
Iteration 44000: MARL relay=368, Greedy relay=368
Iteration 44001/50000 completed. Epsilon: 0.001888 Average AoI MARL: 10.16, Greedy: 26.67
Iteration 44100: MARL relay=340, Greedy relay=340
Iteration 44200: MARL relay=402, Greedy relay=402
Iteration 44300: MARL relay=400, Greedy relay=400
Iteration 44400: MARL relay=371, Greedy relay=371
Iteration 44500: MARL relay=412, Greedy relay=412
Iteration 44600: MARL relay=379, Greedy relay=379
Iteration 44700: MARL relay=401, Greedy relay=401
Iteration 44800: MARL relay=401, Greedy relay=401
Iteration 44900: MARL relay=404, Greedy relay=404
Iteration 45000: MARL relay=381, Greedy relay=381
Iteration 45001/50000 completed. Epsilon: 0.001698 Average AoI MARL: 9.60, Greedy: 25.67
Iteration 45100: MARL relay=389, Greedy relay=389
Iteration 45200: MARL relay=418, Greedy relay=418
Iteration 45300: MARL relay=426, Greedy relay=426
Iteration 45400: MARL relay=362, Greedy relay=362
Iteration 45500: MARL relay=376, Greedy relay=376
Iteration 45600: MARL relay=334, Greedy relay=334
Iteration 45700: MARL relay=382, Greedy relay=382
Iteration 45800: MARL relay=395, Greedy relay=395
Iteration 45900: MARL relay=396, Greedy relay=396
Iteration 46000: MARL relay=382, Greedy relay=382
Iteration 46001/50000 completed. Epsilon: 0.001528 Average AoI MARL: 10.08, Greedy: 27.16
Iteration 46100: MARL relay=423, Greedy relay=423
Iteration 46200: MARL relay=363, Greedy relay=363
Iteration 46300: MARL relay=406, Greedy relay=406
Iteration 46400: MARL relay=384, Greedy relay=384
Iteration 46500: MARL relay=416, Greedy relay=416
Iteration 46600: MARL relay=374, Greedy relay=374
Iteration 46700: MARL relay=411, Greedy relay=411
Iteration 46800: MARL relay=404, Greedy relay=404
Iteration 46900: MARL relay=374, Greedy relay=374
Iteration 47000: MARL relay=360, Greedy relay=360
Iteration 47001/50000 completed. Epsilon: 0.001374 Average AoI MARL: 9.86, Greedy: 27.68
Iteration 47100: MARL relay=361, Greedy relay=361
Iteration 47200: MARL relay=354, Greedy relay=354
Iteration 47300: MARL relay=391, Greedy relay=391
Iteration 47400: MARL relay=367, Greedy relay=367
Iteration 47500: MARL relay=379, Greedy relay=379
Iteration 47600: MARL relay=402, Greedy relay=402
Iteration 47700: MARL relay=378, Greedy relay=378
Iteration 47800: MARL relay=393, Greedy relay=393
Iteration 47900: MARL relay=343, Greedy relay=343
Iteration 48000: MARL relay=410, Greedy relay=410
Iteration 48001/50000 completed. Epsilon: 0.001236 Average AoI MARL: 10.12, Greedy: 28.21
Iteration 48100: MARL relay=385, Greedy relay=385
Iteration 48200: MARL relay=384, Greedy relay=384
Iteration 48300: MARL relay=376, Greedy relay=376
Iteration 48400: MARL relay=374, Greedy relay=374
Iteration 48500: MARL relay=401, Greedy relay=401
Iteration 48600: MARL relay=375, Greedy relay=375
Iteration 48700: MARL relay=386, Greedy relay=386
Iteration 48800: MARL relay=360, Greedy relay=360
Iteration 48900: MARL relay=399, Greedy relay=399
Iteration 49000: MARL relay=368, Greedy relay=368
Iteration 49001/50000 completed. Epsilon: 0.001112 Average AoI MARL: 9.78, Greedy: 28.23
Iteration 49100: MARL relay=381, Greedy relay=381
Iteration 49200: MARL relay=371, Greedy relay=371
Iteration 49300: MARL relay=407, Greedy relay=407
Iteration 49400: MARL relay=366, Greedy relay=366
Iteration 49500: MARL relay=376, Greedy relay=376
Iteration 49600: MARL relay=400, Greedy relay=400
Iteration 49700: MARL relay=387, Greedy relay=387
Iteration 49800: MARL relay=368, Greedy relay=368
Iteration 49900: MARL relay=416, Greedy relay=416
Completed in 161.35 seconds
Packet Loss MARL:  0.01887370417851154 Greedy:  0.004420900695151283
