Iteration 0: MARL relay=109, Greedy relay=109
/home/shrv1028/aoi-venv/lib/python3.11/site-packages/numpy/_core/fromnumeric.py:3824: RuntimeWarning: Mean of empty slice
  return _methods._mean(a, axis=axis, dtype=dtype,
/home/shrv1028/aoi-venv/lib/python3.11/site-packages/numpy/_core/_methods.py:142: RuntimeWarning: invalid value encountered in scalar divide
  ret = ret.dtype.type(ret / rcount)
Iteration 1/50000 completed. Epsilon: 0.300000 Average AoI MARL: nan, Greedy: nan
Iteration 100: MARL relay=379, Greedy relay=379
Iteration 200: MARL relay=405, Greedy relay=405
Iteration 300: MARL relay=384, Greedy relay=384
Iteration 400: MARL relay=379, Greedy relay=379
Iteration 500: MARL relay=359, Greedy relay=359
Iteration 600: MARL relay=407, Greedy relay=407
Iteration 700: MARL relay=395, Greedy relay=395
Iteration 800: MARL relay=405, Greedy relay=405
Iteration 900: MARL relay=366, Greedy relay=366
Iteration 1000: MARL relay=369, Greedy relay=369
Iteration 1001/50000 completed. Epsilon: 0.300000 Average AoI MARL: 12.46, Greedy: 15.89
Iteration 1100: MARL relay=405, Greedy relay=405
Iteration 1200: MARL relay=419, Greedy relay=419
Iteration 1300: MARL relay=405, Greedy relay=405
Iteration 1400: MARL relay=370, Greedy relay=370
Iteration 1500: MARL relay=366, Greedy relay=366
Iteration 1600: MARL relay=379, Greedy relay=379
Iteration 1700: MARL relay=400, Greedy relay=400
Iteration 1800: MARL relay=350, Greedy relay=350
Iteration 1900: MARL relay=409, Greedy relay=409
Iteration 2000: MARL relay=410, Greedy relay=410
Iteration 2001/50000 completed. Epsilon: 0.300000 Average AoI MARL: 13.89, Greedy: 24.55
Iteration 2100: MARL relay=406, Greedy relay=406
Iteration 2200: MARL relay=369, Greedy relay=369
Iteration 2300: MARL relay=392, Greedy relay=392
Iteration 2400: MARL relay=360, Greedy relay=360
Iteration 2500: MARL relay=403, Greedy relay=403
Iteration 2600: MARL relay=391, Greedy relay=391
Iteration 2700: MARL relay=364, Greedy relay=364
Iteration 2800: MARL relay=372, Greedy relay=372
Iteration 2900: MARL relay=413, Greedy relay=413
Iteration 3000: MARL relay=370, Greedy relay=370
Iteration 3001/50000 completed. Epsilon: 0.300000 Average AoI MARL: 14.17, Greedy: 28.55
Iteration 3100: MARL relay=368, Greedy relay=368
Iteration 3200: MARL relay=405, Greedy relay=405
Iteration 3300: MARL relay=412, Greedy relay=412
Iteration 3400: MARL relay=394, Greedy relay=394
Iteration 3500: MARL relay=394, Greedy relay=394
Iteration 3600: MARL relay=390, Greedy relay=390
Iteration 3700: MARL relay=402, Greedy relay=402
Iteration 3800: MARL relay=403, Greedy relay=403
Iteration 3900: MARL relay=357, Greedy relay=357
Iteration 4000: MARL relay=403, Greedy relay=403
Iteration 4001/50000 completed. Epsilon: 0.300000 Average AoI MARL: 13.82, Greedy: 27.38
Iteration 4100: MARL relay=352, Greedy relay=352
Iteration 4200: MARL relay=390, Greedy relay=390
Iteration 4300: MARL relay=380, Greedy relay=380
Iteration 4400: MARL relay=379, Greedy relay=379
Iteration 4500: MARL relay=428, Greedy relay=428
Iteration 4600: MARL relay=427, Greedy relay=427
Iteration 4700: MARL relay=404, Greedy relay=404
Iteration 4800: MARL relay=367, Greedy relay=367
Iteration 4900: MARL relay=365, Greedy relay=365
Iteration 5000: MARL relay=343, Greedy relay=343
Iteration 5001/50000 completed. Epsilon: 0.300000 Average AoI MARL: 14.43, Greedy: 31.09
Iteration 5100: MARL relay=354, Greedy relay=354
Iteration 5200: MARL relay=409, Greedy relay=409
Iteration 5300: MARL relay=368, Greedy relay=368
Iteration 5400: MARL relay=402, Greedy relay=402
Iteration 5500: MARL relay=358, Greedy relay=358
Iteration 5600: MARL relay=374, Greedy relay=374
Iteration 5700: MARL relay=376, Greedy relay=376
Iteration 5800: MARL relay=361, Greedy relay=361
Iteration 5900: MARL relay=438, Greedy relay=438
Iteration 6000: MARL relay=418, Greedy relay=418
Iteration 6001/50000 completed. Epsilon: 0.300000 Average AoI MARL: 13.43, Greedy: 28.99
Iteration 6100: MARL relay=391, Greedy relay=391
Iteration 6200: MARL relay=383, Greedy relay=383
Iteration 6300: MARL relay=424, Greedy relay=424
Iteration 6400: MARL relay=398, Greedy relay=398
Iteration 6500: MARL relay=372, Greedy relay=372
Iteration 6600: MARL relay=420, Greedy relay=420
Iteration 6700: MARL relay=384, Greedy relay=384
Iteration 6800: MARL relay=405, Greedy relay=405
Iteration 6900: MARL relay=366, Greedy relay=366
Iteration 7000: MARL relay=391, Greedy relay=391
Iteration 7001/50000 completed. Epsilon: 0.300000 Average AoI MARL: 13.62, Greedy: 28.50
Iteration 7100: MARL relay=373, Greedy relay=373
Iteration 7200: MARL relay=389, Greedy relay=389
Iteration 7300: MARL relay=370, Greedy relay=370
Iteration 7400: MARL relay=383, Greedy relay=383
Iteration 7500: MARL relay=408, Greedy relay=408
Iteration 7600: MARL relay=360, Greedy relay=360
Iteration 7700: MARL relay=426, Greedy relay=426
Iteration 7800: MARL relay=380, Greedy relay=380
Iteration 7900: MARL relay=357, Greedy relay=357
Iteration 8000: MARL relay=376, Greedy relay=376
Iteration 8001/50000 completed. Epsilon: 0.300000 Average AoI MARL: 13.93, Greedy: 29.49
Iteration 8100: MARL relay=377, Greedy relay=377
Iteration 8200: MARL relay=357, Greedy relay=357
Iteration 8300: MARL relay=366, Greedy relay=366
Iteration 8400: MARL relay=359, Greedy relay=359
Iteration 8500: MARL relay=370, Greedy relay=370
Iteration 8600: MARL relay=390, Greedy relay=390
Iteration 8700: MARL relay=399, Greedy relay=399
Iteration 8800: MARL relay=395, Greedy relay=395
Iteration 8900: MARL relay=407, Greedy relay=407
Iteration 9000: MARL relay=373, Greedy relay=373
Iteration 9001/50000 completed. Epsilon: 0.300000 Average AoI MARL: 12.88, Greedy: 27.88
Iteration 9100: MARL relay=382, Greedy relay=382
Iteration 9200: MARL relay=406, Greedy relay=406
Iteration 9300: MARL relay=422, Greedy relay=422
Iteration 9400: MARL relay=392, Greedy relay=392
Iteration 9500: MARL relay=411, Greedy relay=411
Iteration 9600: MARL relay=373, Greedy relay=373
Iteration 9700: MARL relay=388, Greedy relay=388
Iteration 9800: MARL relay=358, Greedy relay=358
Iteration 9900: MARL relay=405, Greedy relay=405
Iteration 10000: MARL relay=374, Greedy relay=374
Iteration 10001/50000 completed. Epsilon: 0.300000 Average AoI MARL: 13.07, Greedy: 25.31
Iteration 10100: MARL relay=399, Greedy relay=399
Iteration 10200: MARL relay=378, Greedy relay=378
Iteration 10300: MARL relay=358, Greedy relay=358
Iteration 10400: MARL relay=392, Greedy relay=392
Iteration 10500: MARL relay=407, Greedy relay=407
Iteration 10600: MARL relay=399, Greedy relay=399
Iteration 10700: MARL relay=404, Greedy relay=404
Iteration 10800: MARL relay=402, Greedy relay=402
Iteration 10900: MARL relay=387, Greedy relay=387
Iteration 11000: MARL relay=396, Greedy relay=396
Iteration 11001/50000 completed. Epsilon: 0.300000 Average AoI MARL: 13.54, Greedy: 27.45
Iteration 11100: MARL relay=345, Greedy relay=345
Iteration 11200: MARL relay=390, Greedy relay=390
Iteration 11300: MARL relay=398, Greedy relay=398
Iteration 11400: MARL relay=387, Greedy relay=387
Iteration 11500: MARL relay=378, Greedy relay=378
Iteration 11600: MARL relay=389, Greedy relay=389
Iteration 11700: MARL relay=392, Greedy relay=392
Iteration 11800: MARL relay=402, Greedy relay=402
Iteration 11900: MARL relay=372, Greedy relay=372
Iteration 12000: MARL relay=368, Greedy relay=368
Iteration 12001/50000 completed. Epsilon: 0.300000 Average AoI MARL: 14.76, Greedy: 31.95
Iteration 12100: MARL relay=400, Greedy relay=400
Iteration 12200: MARL relay=385, Greedy relay=385
Iteration 12300: MARL relay=360, Greedy relay=360
Iteration 12400: MARL relay=395, Greedy relay=395
Iteration 12500: MARL relay=406, Greedy relay=406
Iteration 12600: MARL relay=383, Greedy relay=383
Iteration 12700: MARL relay=361, Greedy relay=361
Iteration 12800: MARL relay=372, Greedy relay=372
Iteration 12900: MARL relay=356, Greedy relay=356
Iteration 13000: MARL relay=373, Greedy relay=373
Iteration 13001/50000 completed. Epsilon: 0.300000 Average AoI MARL: 14.04, Greedy: 34.06
Iteration 13100: MARL relay=364, Greedy relay=364
Iteration 13200: MARL relay=380, Greedy relay=380
Iteration 13300: MARL relay=389, Greedy relay=389
Iteration 13400: MARL relay=358, Greedy relay=358
Iteration 13500: MARL relay=364, Greedy relay=364
Iteration 13600: MARL relay=379, Greedy relay=379
Iteration 13700: MARL relay=359, Greedy relay=359
Iteration 13800: MARL relay=392, Greedy relay=392
Iteration 13900: MARL relay=408, Greedy relay=408
Iteration 14000: MARL relay=394, Greedy relay=394
Iteration 14001/50000 completed. Epsilon: 0.300000 Average AoI MARL: 13.68, Greedy: 33.19
Iteration 14100: MARL relay=381, Greedy relay=381
Iteration 14200: MARL relay=398, Greedy relay=398
Iteration 14300: MARL relay=369, Greedy relay=369
Iteration 14400: MARL relay=419, Greedy relay=419
Iteration 14500: MARL relay=386, Greedy relay=386
Iteration 14600: MARL relay=401, Greedy relay=401
Iteration 14700: MARL relay=385, Greedy relay=385
Iteration 14800: MARL relay=396, Greedy relay=396
Iteration 14900: MARL relay=408, Greedy relay=408
Iteration 15000: MARL relay=406, Greedy relay=406
Iteration 15001/50000 completed. Epsilon: 0.300000 Average AoI MARL: 13.92, Greedy: 33.85
Iteration 15100: MARL relay=404, Greedy relay=404
Iteration 15200: MARL relay=382, Greedy relay=382
Iteration 15300: MARL relay=375, Greedy relay=375
Iteration 15400: MARL relay=372, Greedy relay=372
Iteration 15500: MARL relay=384, Greedy relay=384
Iteration 15600: MARL relay=377, Greedy relay=377
Iteration 15700: MARL relay=400, Greedy relay=400
Iteration 15800: MARL relay=409, Greedy relay=409
Iteration 15900: MARL relay=397, Greedy relay=397
Iteration 16000: MARL relay=397, Greedy relay=397
Iteration 16001/50000 completed. Epsilon: 0.300000 Average AoI MARL: 14.01, Greedy: 32.88
Iteration 16100: MARL relay=363, Greedy relay=363
Iteration 16200: MARL relay=379, Greedy relay=379
Iteration 16300: MARL relay=416, Greedy relay=416
Iteration 16400: MARL relay=375, Greedy relay=375
Iteration 16500: MARL relay=398, Greedy relay=398
Iteration 16600: MARL relay=397, Greedy relay=397
Iteration 16700: MARL relay=395, Greedy relay=395
Iteration 16800: MARL relay=392, Greedy relay=392
Iteration 16900: MARL relay=375, Greedy relay=375
Iteration 17000: MARL relay=392, Greedy relay=392
Iteration 17001/50000 completed. Epsilon: 0.300000 Average AoI MARL: 13.74, Greedy: 32.82
Iteration 17100: MARL relay=366, Greedy relay=366
Iteration 17200: MARL relay=403, Greedy relay=403
Iteration 17300: MARL relay=426, Greedy relay=426
Iteration 17400: MARL relay=398, Greedy relay=398
Iteration 17500: MARL relay=403, Greedy relay=403
Iteration 17600: MARL relay=410, Greedy relay=410
Iteration 17700: MARL relay=364, Greedy relay=364
Iteration 17800: MARL relay=381, Greedy relay=381
Iteration 17900: MARL relay=374, Greedy relay=374
Iteration 18000: MARL relay=359, Greedy relay=359
Iteration 18001/50000 completed. Epsilon: 0.300000 Average AoI MARL: 13.10, Greedy: 31.04
Iteration 18100: MARL relay=343, Greedy relay=343
Iteration 18200: MARL relay=402, Greedy relay=402
Iteration 18300: MARL relay=400, Greedy relay=400
Iteration 18400: MARL relay=360, Greedy relay=360
Iteration 18500: MARL relay=403, Greedy relay=403
Iteration 18600: MARL relay=378, Greedy relay=378
Iteration 18700: MARL relay=384, Greedy relay=384
Iteration 18800: MARL relay=436, Greedy relay=436
Iteration 18900: MARL relay=388, Greedy relay=388
Iteration 19000: MARL relay=400, Greedy relay=400
Iteration 19001/50000 completed. Epsilon: 0.300000 Average AoI MARL: 13.40, Greedy: 29.48
Iteration 19100: MARL relay=347, Greedy relay=347
Iteration 19200: MARL relay=357, Greedy relay=357
Iteration 19300: MARL relay=380, Greedy relay=380
Iteration 19400: MARL relay=406, Greedy relay=406
Iteration 19500: MARL relay=389, Greedy relay=389
Iteration 19600: MARL relay=363, Greedy relay=363
Iteration 19700: MARL relay=382, Greedy relay=382
Iteration 19800: MARL relay=415, Greedy relay=415
Iteration 19900: MARL relay=380, Greedy relay=380
Iteration 20000: MARL relay=385, Greedy relay=385
Iteration 20001/50000 completed. Epsilon: 0.300000 Average AoI MARL: 13.83, Greedy: 31.18
Iteration 20100: MARL relay=383, Greedy relay=383
Iteration 20200: MARL relay=399, Greedy relay=399
Iteration 20300: MARL relay=372, Greedy relay=372
Iteration 20400: MARL relay=409, Greedy relay=409
Iteration 20500: MARL relay=434, Greedy relay=434
Iteration 20600: MARL relay=375, Greedy relay=375
Iteration 20700: MARL relay=367, Greedy relay=367
Iteration 20800: MARL relay=391, Greedy relay=391
Iteration 20900: MARL relay=394, Greedy relay=394
Iteration 21000: MARL relay=401, Greedy relay=401
Iteration 21001/50000 completed. Epsilon: 0.300000 Average AoI MARL: 13.66, Greedy: 31.37
Iteration 21100: MARL relay=388, Greedy relay=388
Iteration 21200: MARL relay=416, Greedy relay=416
Iteration 21300: MARL relay=396, Greedy relay=396
Iteration 21400: MARL relay=381, Greedy relay=381
Iteration 21500: MARL relay=358, Greedy relay=358
Iteration 21600: MARL relay=360, Greedy relay=360
Iteration 21700: MARL relay=368, Greedy relay=368
Iteration 21800: MARL relay=376, Greedy relay=376
Iteration 21900: MARL relay=423, Greedy relay=423
Iteration 22000: MARL relay=391, Greedy relay=391
Iteration 22001/50000 completed. Epsilon: 0.300000 Average AoI MARL: 12.59, Greedy: 28.54
Iteration 22100: MARL relay=392, Greedy relay=392
Iteration 22200: MARL relay=434, Greedy relay=434
Iteration 22300: MARL relay=388, Greedy relay=388
Iteration 22400: MARL relay=386, Greedy relay=386
Iteration 22500: MARL relay=381, Greedy relay=381
Iteration 22600: MARL relay=365, Greedy relay=365
Iteration 22700: MARL relay=365, Greedy relay=365
Iteration 22800: MARL relay=366, Greedy relay=366
Iteration 22900: MARL relay=365, Greedy relay=365
Iteration 23000: MARL relay=387, Greedy relay=387
Iteration 23001/50000 completed. Epsilon: 0.300000 Average AoI MARL: 13.09, Greedy: 27.14
Iteration 23100: MARL relay=400, Greedy relay=400
Iteration 23200: MARL relay=376, Greedy relay=376
Iteration 23300: MARL relay=407, Greedy relay=407
Iteration 23400: MARL relay=392, Greedy relay=392
Iteration 23500: MARL relay=379, Greedy relay=379
Iteration 23600: MARL relay=371, Greedy relay=371
Iteration 23700: MARL relay=372, Greedy relay=372
Iteration 23800: MARL relay=384, Greedy relay=384
Iteration 23900: MARL relay=399, Greedy relay=399
Iteration 24000: MARL relay=371, Greedy relay=371
Iteration 24001/50000 completed. Epsilon: 0.300000 Average AoI MARL: 13.56, Greedy: 27.47
Iteration 24100: MARL relay=363, Greedy relay=363
Iteration 24200: MARL relay=368, Greedy relay=368
Iteration 24300: MARL relay=414, Greedy relay=414
Iteration 24400: MARL relay=414, Greedy relay=414
Iteration 24500: MARL relay=415, Greedy relay=415
Iteration 24600: MARL relay=384, Greedy relay=384
Iteration 24700: MARL relay=371, Greedy relay=371
Iteration 24800: MARL relay=399, Greedy relay=399
Iteration 24900: MARL relay=406, Greedy relay=406
Iteration 25000: MARL relay=381, Greedy relay=381
Iteration 25001/50000 completed. Epsilon: 0.300000 Average AoI MARL: 13.33, Greedy: 29.18
Iteration 25100: MARL relay=354, Greedy relay=354
Iteration 25200: MARL relay=351, Greedy relay=351
Iteration 25300: MARL relay=398, Greedy relay=398
Iteration 25400: MARL relay=410, Greedy relay=410
Iteration 25500: MARL relay=378, Greedy relay=378
Iteration 25600: MARL relay=415, Greedy relay=415
Iteration 25700: MARL relay=383, Greedy relay=383
Iteration 25800: MARL relay=392, Greedy relay=392
Iteration 25900: MARL relay=399, Greedy relay=399
Iteration 26000: MARL relay=389, Greedy relay=389
Iteration 26001/50000 completed. Epsilon: 0.300000 Average AoI MARL: 13.37, Greedy: 29.03
Iteration 26100: MARL relay=404, Greedy relay=404
Iteration 26200: MARL relay=373, Greedy relay=373
Iteration 26300: MARL relay=416, Greedy relay=416
Iteration 26400: MARL relay=378, Greedy relay=378
Iteration 26500: MARL relay=388, Greedy relay=388
Iteration 26600: MARL relay=387, Greedy relay=387
Iteration 26700: MARL relay=382, Greedy relay=382
Iteration 26800: MARL relay=385, Greedy relay=385
Iteration 26900: MARL relay=383, Greedy relay=383
Iteration 27000: MARL relay=383, Greedy relay=383
Iteration 27001/50000 completed. Epsilon: 0.300000 Average AoI MARL: 13.22, Greedy: 28.54
Iteration 27100: MARL relay=357, Greedy relay=357
Iteration 27200: MARL relay=387, Greedy relay=387
Iteration 27300: MARL relay=396, Greedy relay=396
Iteration 27400: MARL relay=372, Greedy relay=372
Iteration 27500: MARL relay=380, Greedy relay=380
Iteration 27600: MARL relay=383, Greedy relay=383
Iteration 27700: MARL relay=393, Greedy relay=393
Iteration 27800: MARL relay=355, Greedy relay=355
Iteration 27900: MARL relay=392, Greedy relay=392
Iteration 28000: MARL relay=381, Greedy relay=381
Iteration 28001/50000 completed. Epsilon: 0.300000 Average AoI MARL: 12.83, Greedy: 29.54
Iteration 28100: MARL relay=395, Greedy relay=395
Iteration 28200: MARL relay=354, Greedy relay=354
Iteration 28300: MARL relay=403, Greedy relay=403
Iteration 28400: MARL relay=374, Greedy relay=374
Iteration 28500: MARL relay=375, Greedy relay=375
Iteration 28600: MARL relay=404, Greedy relay=404
Iteration 28700: MARL relay=405, Greedy relay=405
Iteration 28800: MARL relay=372, Greedy relay=372
Iteration 28900: MARL relay=398, Greedy relay=398
Iteration 29000: MARL relay=407, Greedy relay=407
Iteration 29001/50000 completed. Epsilon: 0.300000 Average AoI MARL: 13.59, Greedy: 30.33
Iteration 29100: MARL relay=367, Greedy relay=367
Iteration 29200: MARL relay=372, Greedy relay=372
Iteration 29300: MARL relay=361, Greedy relay=361
Iteration 29400: MARL relay=388, Greedy relay=388
Iteration 29500: MARL relay=385, Greedy relay=385
Iteration 29600: MARL relay=349, Greedy relay=349
Iteration 29700: MARL relay=387, Greedy relay=387
Iteration 29800: MARL relay=403, Greedy relay=403
Iteration 29900: MARL relay=404, Greedy relay=404
Iteration 30000: MARL relay=396, Greedy relay=396
Iteration 30001/50000 completed. Epsilon: 0.300000 Average AoI MARL: 13.42, Greedy: 29.93
Iteration 30100: MARL relay=400, Greedy relay=400
Iteration 30200: MARL relay=370, Greedy relay=370
Iteration 30300: MARL relay=386, Greedy relay=386
Iteration 30400: MARL relay=395, Greedy relay=395
Iteration 30500: MARL relay=397, Greedy relay=397
Iteration 30600: MARL relay=393, Greedy relay=393
Iteration 30700: MARL relay=380, Greedy relay=380
Iteration 30800: MARL relay=394, Greedy relay=394
Iteration 30900: MARL relay=366, Greedy relay=366
Iteration 31000: MARL relay=385, Greedy relay=385
Iteration 31001/50000 completed. Epsilon: 0.300000 Average AoI MARL: 13.07, Greedy: 28.92
Iteration 31100: MARL relay=375, Greedy relay=375
Iteration 31200: MARL relay=386, Greedy relay=386
Iteration 31300: MARL relay=356, Greedy relay=356
Iteration 31400: MARL relay=400, Greedy relay=400
Iteration 31500: MARL relay=389, Greedy relay=389
Iteration 31600: MARL relay=418, Greedy relay=418
Iteration 31700: MARL relay=397, Greedy relay=397
Iteration 31800: MARL relay=397, Greedy relay=397
Iteration 31900: MARL relay=371, Greedy relay=371
Iteration 32000: MARL relay=386, Greedy relay=386
Iteration 32001/50000 completed. Epsilon: 0.300000 Average AoI MARL: 13.17, Greedy: 28.00
Iteration 32100: MARL relay=394, Greedy relay=394
Iteration 32200: MARL relay=346, Greedy relay=346
Iteration 32300: MARL relay=361, Greedy relay=361
Iteration 32400: MARL relay=375, Greedy relay=375
Iteration 32500: MARL relay=369, Greedy relay=369
Iteration 32600: MARL relay=364, Greedy relay=364
Iteration 32700: MARL relay=408, Greedy relay=408
Iteration 32800: MARL relay=361, Greedy relay=361
Iteration 32900: MARL relay=382, Greedy relay=382
Iteration 33000: MARL relay=358, Greedy relay=358
Iteration 33001/50000 completed. Epsilon: 0.300000 Average AoI MARL: 13.85, Greedy: 31.32
Iteration 33100: MARL relay=381, Greedy relay=381
Iteration 33200: MARL relay=401, Greedy relay=401
Iteration 33300: MARL relay=416, Greedy relay=416
Iteration 33400: MARL relay=415, Greedy relay=415
Iteration 33500: MARL relay=371, Greedy relay=371
Iteration 33600: MARL relay=410, Greedy relay=410
Iteration 33700: MARL relay=391, Greedy relay=391
Iteration 33800: MARL relay=378, Greedy relay=378
Iteration 33900: MARL relay=352, Greedy relay=352
Iteration 34000: MARL relay=375, Greedy relay=375
Iteration 34001/50000 completed. Epsilon: 0.300000 Average AoI MARL: 13.83, Greedy: 31.93
Iteration 34100: MARL relay=390, Greedy relay=390
Iteration 34200: MARL relay=407, Greedy relay=407
Iteration 34300: MARL relay=369, Greedy relay=369
Iteration 34400: MARL relay=418, Greedy relay=418
Iteration 34500: MARL relay=387, Greedy relay=387
Iteration 34600: MARL relay=344, Greedy relay=344
Iteration 34700: MARL relay=397, Greedy relay=397
Iteration 34800: MARL relay=363, Greedy relay=363
Iteration 34900: MARL relay=368, Greedy relay=368
Iteration 35000: MARL relay=372, Greedy relay=372
Iteration 35001/50000 completed. Epsilon: 0.300000 Average AoI MARL: 13.16, Greedy: 31.22
Iteration 35100: MARL relay=393, Greedy relay=393
Iteration 35200: MARL relay=403, Greedy relay=403
Iteration 35300: MARL relay=402, Greedy relay=402
Iteration 35400: MARL relay=394, Greedy relay=394
Iteration 35500: MARL relay=396, Greedy relay=396
Iteration 35600: MARL relay=393, Greedy relay=393
Iteration 35700: MARL relay=361, Greedy relay=361
Iteration 35800: MARL relay=386, Greedy relay=386
Iteration 35900: MARL relay=391, Greedy relay=391
Iteration 36000: MARL relay=403, Greedy relay=403
Iteration 36001/50000 completed. Epsilon: 0.300000 Average AoI MARL: 13.35, Greedy: 30.26
Iteration 36100: MARL relay=425, Greedy relay=425
Iteration 36200: MARL relay=411, Greedy relay=411
Iteration 36300: MARL relay=392, Greedy relay=392
Iteration 36400: MARL relay=411, Greedy relay=411
Iteration 36500: MARL relay=399, Greedy relay=399
Iteration 36600: MARL relay=346, Greedy relay=346
Iteration 36700: MARL relay=388, Greedy relay=388
Iteration 36800: MARL relay=383, Greedy relay=383
Iteration 36900: MARL relay=410, Greedy relay=410
Iteration 37000: MARL relay=418, Greedy relay=418
Iteration 37001/50000 completed. Epsilon: 0.300000 Average AoI MARL: 13.12, Greedy: 28.42
Iteration 37100: MARL relay=395, Greedy relay=395
Iteration 37200: MARL relay=385, Greedy relay=385
Iteration 37300: MARL relay=344, Greedy relay=344
Iteration 37400: MARL relay=342, Greedy relay=342
Iteration 37500: MARL relay=393, Greedy relay=393
Iteration 37600: MARL relay=376, Greedy relay=376
Iteration 37700: MARL relay=380, Greedy relay=380
Iteration 37800: MARL relay=373, Greedy relay=373
Iteration 37900: MARL relay=379, Greedy relay=379
Iteration 38000: MARL relay=378, Greedy relay=378
Iteration 38001/50000 completed. Epsilon: 0.300000 Average AoI MARL: 13.22, Greedy: 29.80
Iteration 38100: MARL relay=368, Greedy relay=368
Iteration 38200: MARL relay=390, Greedy relay=390
Iteration 38300: MARL relay=412, Greedy relay=412
Iteration 38400: MARL relay=393, Greedy relay=393
Iteration 38500: MARL relay=417, Greedy relay=417
Iteration 38600: MARL relay=356, Greedy relay=356
Iteration 38700: MARL relay=412, Greedy relay=412
Iteration 38800: MARL relay=390, Greedy relay=390
Iteration 38900: MARL relay=399, Greedy relay=399
Iteration 39000: MARL relay=356, Greedy relay=356
Iteration 39001/50000 completed. Epsilon: 0.300000 Average AoI MARL: 12.97, Greedy: 28.64
Iteration 39100: MARL relay=383, Greedy relay=383
Iteration 39200: MARL relay=401, Greedy relay=401
Iteration 39300: MARL relay=424, Greedy relay=424
Iteration 39400: MARL relay=406, Greedy relay=406
Iteration 39500: MARL relay=409, Greedy relay=409
Iteration 39600: MARL relay=391, Greedy relay=391
Iteration 39700: MARL relay=357, Greedy relay=357
Iteration 39800: MARL relay=380, Greedy relay=380
Iteration 39900: MARL relay=367, Greedy relay=367
Iteration 40000: MARL relay=373, Greedy relay=373
Iteration 40001/50000 completed. Epsilon: 0.300000 Average AoI MARL: 12.78, Greedy: 27.76
Iteration 40100: MARL relay=358, Greedy relay=358
Iteration 40200: MARL relay=401, Greedy relay=401
Iteration 40300: MARL relay=396, Greedy relay=396
Iteration 40400: MARL relay=402, Greedy relay=402
Iteration 40500: MARL relay=366, Greedy relay=366
Iteration 40600: MARL relay=390, Greedy relay=390
Iteration 40700: MARL relay=382, Greedy relay=382
Iteration 40800: MARL relay=375, Greedy relay=375
Iteration 40900: MARL relay=409, Greedy relay=409
Iteration 41000: MARL relay=399, Greedy relay=399
Iteration 41001/50000 completed. Epsilon: 0.300000 Average AoI MARL: 13.06, Greedy: 27.91
Iteration 41100: MARL relay=362, Greedy relay=362
Iteration 41200: MARL relay=390, Greedy relay=390
Iteration 41300: MARL relay=396, Greedy relay=396
Iteration 41400: MARL relay=390, Greedy relay=390
Iteration 41500: MARL relay=400, Greedy relay=400
Iteration 41600: MARL relay=398, Greedy relay=398
Iteration 41700: MARL relay=386, Greedy relay=386
Iteration 41800: MARL relay=346, Greedy relay=346
Iteration 41900: MARL relay=382, Greedy relay=382
Iteration 42000: MARL relay=362, Greedy relay=362
Iteration 42001/50000 completed. Epsilon: 0.300000 Average AoI MARL: 13.28, Greedy: 27.45
Iteration 42100: MARL relay=373, Greedy relay=373
Iteration 42200: MARL relay=360, Greedy relay=360
Iteration 42300: MARL relay=383, Greedy relay=383
Iteration 42400: MARL relay=379, Greedy relay=379
Iteration 42500: MARL relay=351, Greedy relay=351
Iteration 42600: MARL relay=354, Greedy relay=354
Iteration 42700: MARL relay=411, Greedy relay=411
Iteration 42800: MARL relay=351, Greedy relay=351
Iteration 42900: MARL relay=406, Greedy relay=406
Iteration 43000: MARL relay=380, Greedy relay=380
Iteration 43001/50000 completed. Epsilon: 0.300000 Average AoI MARL: 12.90, Greedy: 26.65
Iteration 43100: MARL relay=404, Greedy relay=404
Iteration 43200: MARL relay=387, Greedy relay=387
Iteration 43300: MARL relay=413, Greedy relay=413
Iteration 43400: MARL relay=400, Greedy relay=400
Iteration 43500: MARL relay=372, Greedy relay=372
Iteration 43600: MARL relay=395, Greedy relay=395
Iteration 43700: MARL relay=414, Greedy relay=414
Iteration 43800: MARL relay=398, Greedy relay=398
Iteration 43900: MARL relay=379, Greedy relay=379
Iteration 44000: MARL relay=377, Greedy relay=377
Iteration 44001/50000 completed. Epsilon: 0.300000 Average AoI MARL: 12.75, Greedy: 26.78
Iteration 44100: MARL relay=364, Greedy relay=364
Iteration 44200: MARL relay=372, Greedy relay=372
Iteration 44300: MARL relay=361, Greedy relay=361
Iteration 44400: MARL relay=412, Greedy relay=412
Iteration 44500: MARL relay=408, Greedy relay=408
Iteration 44600: MARL relay=358, Greedy relay=358
Iteration 44700: MARL relay=378, Greedy relay=378
Iteration 44800: MARL relay=376, Greedy relay=376
Iteration 44900: MARL relay=383, Greedy relay=383
Iteration 45000: MARL relay=393, Greedy relay=393
Iteration 45001/50000 completed. Epsilon: 0.300000 Average AoI MARL: 13.35, Greedy: 26.67
Iteration 45100: MARL relay=370, Greedy relay=370
Iteration 45200: MARL relay=369, Greedy relay=369
Iteration 45300: MARL relay=407, Greedy relay=407
Iteration 45400: MARL relay=393, Greedy relay=393
Iteration 45500: MARL relay=383, Greedy relay=383
Iteration 45600: MARL relay=412, Greedy relay=412
Iteration 45700: MARL relay=397, Greedy relay=397
Iteration 45800: MARL relay=411, Greedy relay=411
Iteration 45900: MARL relay=391, Greedy relay=391
Iteration 46000: MARL relay=388, Greedy relay=388
Iteration 46001/50000 completed. Epsilon: 0.300000 Average AoI MARL: 13.75, Greedy: 30.54
Iteration 46100: MARL relay=392, Greedy relay=392
Iteration 46200: MARL relay=345, Greedy relay=345
Iteration 46300: MARL relay=366, Greedy relay=366
Iteration 46400: MARL relay=366, Greedy relay=366
Iteration 46500: MARL relay=373, Greedy relay=373
Iteration 46600: MARL relay=413, Greedy relay=413
Iteration 46700: MARL relay=411, Greedy relay=411
Iteration 46800: MARL relay=333, Greedy relay=333
Iteration 46900: MARL relay=382, Greedy relay=382
Iteration 47000: MARL relay=349, Greedy relay=349
Iteration 47001/50000 completed. Epsilon: 0.300000 Average AoI MARL: 12.91, Greedy: 29.01
Iteration 47100: MARL relay=337, Greedy relay=337
Iteration 47200: MARL relay=365, Greedy relay=365
Iteration 47300: MARL relay=403, Greedy relay=403
Iteration 47400: MARL relay=407, Greedy relay=407
Iteration 47500: MARL relay=381, Greedy relay=381
Iteration 47600: MARL relay=359, Greedy relay=359
Iteration 47700: MARL relay=401, Greedy relay=401
Iteration 47800: MARL relay=389, Greedy relay=389
Iteration 47900: MARL relay=361, Greedy relay=361
Iteration 48000: MARL relay=385, Greedy relay=385
Iteration 48001/50000 completed. Epsilon: 0.300000 Average AoI MARL: 13.47, Greedy: 28.81
Iteration 48100: MARL relay=393, Greedy relay=393
Iteration 48200: MARL relay=383, Greedy relay=383
Iteration 48300: MARL relay=387, Greedy relay=387
Iteration 48400: MARL relay=395, Greedy relay=395
Iteration 48500: MARL relay=337, Greedy relay=337
Iteration 48600: MARL relay=367, Greedy relay=367
Iteration 48700: MARL relay=404, Greedy relay=404
Iteration 48800: MARL relay=387, Greedy relay=387
Iteration 48900: MARL relay=390, Greedy relay=390
Iteration 49000: MARL relay=430, Greedy relay=430
Iteration 49001/50000 completed. Epsilon: 0.300000 Average AoI MARL: 12.04, Greedy: 26.20
Iteration 49100: MARL relay=414, Greedy relay=414
Iteration 49200: MARL relay=403, Greedy relay=403
Iteration 49300: MARL relay=405, Greedy relay=405
Iteration 49400: MARL relay=379, Greedy relay=379
Iteration 49500: MARL relay=404, Greedy relay=404
Iteration 49600: MARL relay=397, Greedy relay=397
Iteration 49700: MARL relay=401, Greedy relay=401
Iteration 49800: MARL relay=403, Greedy relay=403
Iteration 49900: MARL relay=379, Greedy relay=379
Completed in 193.38 seconds
Packets Lost MARL:  79007 Greedy:  26168
