Iteration 0: MARL relay=112, Greedy relay=112
/home/shrv1028/aoi-venv/lib/python3.11/site-packages/numpy/_core/fromnumeric.py:3824: RuntimeWarning: Mean of empty slice
  return _methods._mean(a, axis=axis, dtype=dtype,
/home/shrv1028/aoi-venv/lib/python3.11/site-packages/numpy/_core/_methods.py:142: RuntimeWarning: invalid value encountered in scalar divide
  ret = ret.dtype.type(ret / rcount)
Iteration 1/100000 completed. Epsilon: 0.199989 Average AoI MARL: nan, Greedy: nan
Iteration 100: MARL relay=403, Greedy relay=403
Iteration 200: MARL relay=347, Greedy relay=347
Iteration 300: MARL relay=395, Greedy relay=395
Iteration 400: MARL relay=412, Greedy relay=412
Iteration 500: MARL relay=375, Greedy relay=375
Iteration 600: MARL relay=405, Greedy relay=405
Iteration 700: MARL relay=402, Greedy relay=402
Iteration 800: MARL relay=403, Greedy relay=403
Iteration 900: MARL relay=389, Greedy relay=389
Iteration 1000: MARL relay=363, Greedy relay=363
Iteration 1001/100000 completed. Epsilon: 0.189669 Average AoI MARL: 12.21, Greedy: 16.05
Iteration 1100: MARL relay=374, Greedy relay=374
Iteration 1200: MARL relay=409, Greedy relay=409
Iteration 1300: MARL relay=384, Greedy relay=384
Iteration 1400: MARL relay=363, Greedy relay=363
Iteration 1500: MARL relay=371, Greedy relay=371
Iteration 1600: MARL relay=359, Greedy relay=359
Iteration 1700: MARL relay=379, Greedy relay=379
Iteration 1800: MARL relay=364, Greedy relay=364
Iteration 1900: MARL relay=385, Greedy relay=385
Iteration 2000: MARL relay=411, Greedy relay=411
Iteration 2001/100000 completed. Epsilon: 0.179881 Average AoI MARL: 12.19, Greedy: 22.87
Iteration 2100: MARL relay=414, Greedy relay=414
Iteration 2200: MARL relay=375, Greedy relay=375
Iteration 2300: MARL relay=380, Greedy relay=380
Iteration 2400: MARL relay=352, Greedy relay=352
Iteration 2500: MARL relay=382, Greedy relay=382
Iteration 2600: MARL relay=326, Greedy relay=326
Iteration 2700: MARL relay=372, Greedy relay=372
Iteration 2800: MARL relay=408, Greedy relay=408
Iteration 2900: MARL relay=371, Greedy relay=371
Iteration 3000: MARL relay=397, Greedy relay=397
Iteration 3001/100000 completed. Epsilon: 0.170599 Average AoI MARL: 12.75, Greedy: 26.16
Iteration 3100: MARL relay=386, Greedy relay=386
Iteration 3200: MARL relay=372, Greedy relay=372
Iteration 3300: MARL relay=369, Greedy relay=369
Iteration 3400: MARL relay=397, Greedy relay=397
Iteration 3500: MARL relay=378, Greedy relay=378
Iteration 3600: MARL relay=407, Greedy relay=407
Iteration 3700: MARL relay=371, Greedy relay=371
Iteration 3800: MARL relay=380, Greedy relay=380
Iteration 3900: MARL relay=418, Greedy relay=418
Iteration 4000: MARL relay=379, Greedy relay=379
Iteration 4001/100000 completed. Epsilon: 0.161795 Average AoI MARL: 12.99, Greedy: 28.11
Iteration 4100: MARL relay=404, Greedy relay=404
Iteration 4200: MARL relay=396, Greedy relay=396
Iteration 4300: MARL relay=384, Greedy relay=384
Iteration 4400: MARL relay=390, Greedy relay=390
Iteration 4500: MARL relay=395, Greedy relay=395
Iteration 4600: MARL relay=363, Greedy relay=363
Iteration 4700: MARL relay=351, Greedy relay=351
Iteration 4800: MARL relay=404, Greedy relay=404
Iteration 4900: MARL relay=402, Greedy relay=402
Iteration 5000: MARL relay=385, Greedy relay=385
Iteration 5001/100000 completed. Epsilon: 0.153446 Average AoI MARL: 12.77, Greedy: 29.04
Iteration 5100: MARL relay=425, Greedy relay=425
Iteration 5200: MARL relay=422, Greedy relay=422
Iteration 5300: MARL relay=387, Greedy relay=387
Iteration 5400: MARL relay=369, Greedy relay=369
Iteration 5500: MARL relay=403, Greedy relay=403
Iteration 5600: MARL relay=377, Greedy relay=377
Iteration 5700: MARL relay=368, Greedy relay=368
Iteration 5800: MARL relay=409, Greedy relay=409
Iteration 5900: MARL relay=423, Greedy relay=423
Iteration 6000: MARL relay=393, Greedy relay=393
Iteration 6001/100000 completed. Epsilon: 0.145528 Average AoI MARL: 12.52, Greedy: 29.38
Iteration 6100: MARL relay=405, Greedy relay=405
Iteration 6200: MARL relay=414, Greedy relay=414
Iteration 6300: MARL relay=387, Greedy relay=387
Iteration 6400: MARL relay=379, Greedy relay=379
Iteration 6500: MARL relay=354, Greedy relay=354
Iteration 6600: MARL relay=387, Greedy relay=387
Iteration 6700: MARL relay=369, Greedy relay=369
Iteration 6800: MARL relay=396, Greedy relay=396
Iteration 6900: MARL relay=395, Greedy relay=395
Iteration 7000: MARL relay=412, Greedy relay=412
Iteration 7001/100000 completed. Epsilon: 0.138018 Average AoI MARL: 12.81, Greedy: 30.13
Iteration 7100: MARL relay=398, Greedy relay=398
Iteration 7200: MARL relay=401, Greedy relay=401
Iteration 7300: MARL relay=374, Greedy relay=374
Iteration 7400: MARL relay=356, Greedy relay=356
Iteration 7500: MARL relay=403, Greedy relay=403
Iteration 7600: MARL relay=407, Greedy relay=407
Iteration 7700: MARL relay=363, Greedy relay=363
Iteration 7800: MARL relay=366, Greedy relay=366
Iteration 7900: MARL relay=379, Greedy relay=379
Iteration 8000: MARL relay=408, Greedy relay=408
Iteration 8001/100000 completed. Epsilon: 0.130895 Average AoI MARL: 11.64, Greedy: 27.65
Iteration 8100: MARL relay=414, Greedy relay=414
Iteration 8200: MARL relay=399, Greedy relay=399
Iteration 8300: MARL relay=365, Greedy relay=365
Iteration 8400: MARL relay=410, Greedy relay=410
Iteration 8500: MARL relay=365, Greedy relay=365
Iteration 8600: MARL relay=390, Greedy relay=390
Iteration 8700: MARL relay=381, Greedy relay=381
Iteration 8800: MARL relay=351, Greedy relay=351
Iteration 8900: MARL relay=388, Greedy relay=388
Iteration 9000: MARL relay=385, Greedy relay=385
Iteration 9001/100000 completed. Epsilon: 0.124141 Average AoI MARL: 11.68, Greedy: 27.46
Iteration 9100: MARL relay=393, Greedy relay=393
Iteration 9200: MARL relay=402, Greedy relay=402
Iteration 9300: MARL relay=363, Greedy relay=363
Iteration 9400: MARL relay=359, Greedy relay=359
Iteration 9500: MARL relay=378, Greedy relay=378
Iteration 9600: MARL relay=389, Greedy relay=389
Iteration 9700: MARL relay=393, Greedy relay=393
Iteration 9800: MARL relay=384, Greedy relay=384
Iteration 9900: MARL relay=398, Greedy relay=398
Iteration 10000: MARL relay=368, Greedy relay=368
Iteration 10001/100000 completed. Epsilon: 0.117735 Average AoI MARL: 11.72, Greedy: 28.37
Iteration 10100: MARL relay=376, Greedy relay=376
Iteration 10200: MARL relay=367, Greedy relay=367
Iteration 10300: MARL relay=375, Greedy relay=375
Iteration 10400: MARL relay=366, Greedy relay=366
Iteration 10500: MARL relay=392, Greedy relay=392
Iteration 10600: MARL relay=388, Greedy relay=388
Iteration 10700: MARL relay=377, Greedy relay=377
Iteration 10800: MARL relay=392, Greedy relay=392
Iteration 10900: MARL relay=404, Greedy relay=404
Iteration 11000: MARL relay=359, Greedy relay=359
Iteration 11001/100000 completed. Epsilon: 0.111659 Average AoI MARL: 11.67, Greedy: 31.13
Iteration 11100: MARL relay=396, Greedy relay=396
Iteration 11200: MARL relay=409, Greedy relay=409
Iteration 11300: MARL relay=437, Greedy relay=437
Iteration 11400: MARL relay=352, Greedy relay=352
Iteration 11500: MARL relay=394, Greedy relay=394
Iteration 11600: MARL relay=362, Greedy relay=362
Iteration 11700: MARL relay=382, Greedy relay=382
Iteration 11800: MARL relay=385, Greedy relay=385
Iteration 11900: MARL relay=379, Greedy relay=379
Iteration 12000: MARL relay=376, Greedy relay=376
Iteration 12001/100000 completed. Epsilon: 0.105897 Average AoI MARL: 11.14, Greedy: 30.54
Iteration 12100: MARL relay=373, Greedy relay=373
Iteration 12200: MARL relay=399, Greedy relay=399
Iteration 12300: MARL relay=408, Greedy relay=408
Iteration 12400: MARL relay=363, Greedy relay=363
Iteration 12500: MARL relay=380, Greedy relay=380
Iteration 12600: MARL relay=396, Greedy relay=396
Iteration 12700: MARL relay=376, Greedy relay=376
Iteration 12800: MARL relay=378, Greedy relay=378
Iteration 12900: MARL relay=377, Greedy relay=377
Iteration 13000: MARL relay=373, Greedy relay=373
Iteration 13001/100000 completed. Epsilon: 0.100432 Average AoI MARL: 11.12, Greedy: 30.35
Iteration 13100: MARL relay=406, Greedy relay=406
Iteration 13200: MARL relay=381, Greedy relay=381
Iteration 13300: MARL relay=373, Greedy relay=373
Iteration 13400: MARL relay=356, Greedy relay=356
Iteration 13500: MARL relay=383, Greedy relay=383
Iteration 13600: MARL relay=387, Greedy relay=387
Iteration 13700: MARL relay=376, Greedy relay=376
Iteration 13800: MARL relay=383, Greedy relay=383
Iteration 13900: MARL relay=394, Greedy relay=394
Iteration 14000: MARL relay=370, Greedy relay=370
Iteration 14001/100000 completed. Epsilon: 0.095250 Average AoI MARL: 11.59, Greedy: 33.56
Iteration 14100: MARL relay=385, Greedy relay=385
Iteration 14200: MARL relay=386, Greedy relay=386
Iteration 14300: MARL relay=336, Greedy relay=336
Iteration 14400: MARL relay=384, Greedy relay=384
Iteration 14500: MARL relay=398, Greedy relay=398
Iteration 14600: MARL relay=381, Greedy relay=381
Iteration 14700: MARL relay=424, Greedy relay=424
Iteration 14800: MARL relay=407, Greedy relay=407
Iteration 14900: MARL relay=409, Greedy relay=409
Iteration 15000: MARL relay=429, Greedy relay=429
Iteration 15001/100000 completed. Epsilon: 0.090334 Average AoI MARL: 10.92, Greedy: 32.67
Iteration 15100: MARL relay=410, Greedy relay=410
Iteration 15200: MARL relay=385, Greedy relay=385
Iteration 15300: MARL relay=381, Greedy relay=381
Iteration 15400: MARL relay=452, Greedy relay=452
Iteration 15500: MARL relay=375, Greedy relay=375
Iteration 15600: MARL relay=394, Greedy relay=394
Iteration 15700: MARL relay=408, Greedy relay=408
Iteration 15800: MARL relay=376, Greedy relay=376
Iteration 15900: MARL relay=410, Greedy relay=410
Iteration 16000: MARL relay=388, Greedy relay=388
Iteration 16001/100000 completed. Epsilon: 0.085673 Average AoI MARL: 11.17, Greedy: 30.93
Iteration 16100: MARL relay=412, Greedy relay=412
Iteration 16200: MARL relay=389, Greedy relay=389
Iteration 16300: MARL relay=410, Greedy relay=410
Iteration 16400: MARL relay=378, Greedy relay=378
Iteration 16500: MARL relay=387, Greedy relay=387
Iteration 16600: MARL relay=404, Greedy relay=404
Iteration 16700: MARL relay=378, Greedy relay=378
Iteration 16800: MARL relay=402, Greedy relay=402
Iteration 16900: MARL relay=383, Greedy relay=383
Iteration 17000: MARL relay=367, Greedy relay=367
Iteration 17001/100000 completed. Epsilon: 0.081252 Average AoI MARL: 10.78, Greedy: 30.01
Iteration 17100: MARL relay=393, Greedy relay=393
Iteration 17200: MARL relay=396, Greedy relay=396
Iteration 17300: MARL relay=388, Greedy relay=388
Iteration 17400: MARL relay=360, Greedy relay=360
Iteration 17500: MARL relay=377, Greedy relay=377
Iteration 17600: MARL relay=390, Greedy relay=390
Iteration 17700: MARL relay=370, Greedy relay=370
Iteration 17800: MARL relay=381, Greedy relay=381
Iteration 17900: MARL relay=392, Greedy relay=392
Iteration 18000: MARL relay=402, Greedy relay=402
Iteration 18001/100000 completed. Epsilon: 0.077059 Average AoI MARL: 11.27, Greedy: 30.97
Iteration 18100: MARL relay=385, Greedy relay=385
Iteration 18200: MARL relay=366, Greedy relay=366
Iteration 18300: MARL relay=349, Greedy relay=349
Iteration 18400: MARL relay=383, Greedy relay=383
Iteration 18500: MARL relay=420, Greedy relay=420
Iteration 18600: MARL relay=384, Greedy relay=384
Iteration 18700: MARL relay=373, Greedy relay=373
Iteration 18800: MARL relay=401, Greedy relay=401
Iteration 18900: MARL relay=385, Greedy relay=385
Iteration 19000: MARL relay=374, Greedy relay=374
Iteration 19001/100000 completed. Epsilon: 0.073082 Average AoI MARL: 10.95, Greedy: 31.17
Iteration 19100: MARL relay=384, Greedy relay=384
Iteration 19200: MARL relay=402, Greedy relay=402
Iteration 19300: MARL relay=365, Greedy relay=365
Iteration 19400: MARL relay=366, Greedy relay=366
Iteration 19500: MARL relay=385, Greedy relay=385
Iteration 19600: MARL relay=339, Greedy relay=339
Iteration 19700: MARL relay=383, Greedy relay=383
Iteration 19800: MARL relay=367, Greedy relay=367
Iteration 19900: MARL relay=422, Greedy relay=422
Iteration 20000: MARL relay=359, Greedy relay=359
Iteration 20001/100000 completed. Epsilon: 0.069311 Average AoI MARL: 11.00, Greedy: 32.61
Iteration 20100: MARL relay=383, Greedy relay=383
Iteration 20200: MARL relay=364, Greedy relay=364
Iteration 20300: MARL relay=387, Greedy relay=387
Iteration 20400: MARL relay=361, Greedy relay=361
Iteration 20500: MARL relay=347, Greedy relay=347
Iteration 20600: MARL relay=408, Greedy relay=408
Iteration 20700: MARL relay=400, Greedy relay=400
Iteration 20800: MARL relay=358, Greedy relay=358
Iteration 20900: MARL relay=359, Greedy relay=359
Iteration 21000: MARL relay=414, Greedy relay=414
Iteration 21001/100000 completed. Epsilon: 0.065734 Average AoI MARL: 10.54, Greedy: 29.86
Iteration 21100: MARL relay=404, Greedy relay=404
Iteration 21200: MARL relay=356, Greedy relay=356
Iteration 21300: MARL relay=401, Greedy relay=401
Iteration 21400: MARL relay=401, Greedy relay=401
Iteration 21500: MARL relay=350, Greedy relay=350
Iteration 21600: MARL relay=380, Greedy relay=380
Iteration 21700: MARL relay=393, Greedy relay=393
Iteration 21800: MARL relay=419, Greedy relay=419
Iteration 21900: MARL relay=392, Greedy relay=392
Iteration 22000: MARL relay=396, Greedy relay=396
Iteration 22001/100000 completed. Epsilon: 0.062342 Average AoI MARL: 11.17, Greedy: 33.26
Iteration 22100: MARL relay=403, Greedy relay=403
Iteration 22200: MARL relay=383, Greedy relay=383
Iteration 22300: MARL relay=400, Greedy relay=400
Iteration 22400: MARL relay=391, Greedy relay=391
Iteration 22500: MARL relay=383, Greedy relay=383
Iteration 22600: MARL relay=390, Greedy relay=390
Iteration 22700: MARL relay=403, Greedy relay=403
Iteration 22800: MARL relay=411, Greedy relay=411
Iteration 22900: MARL relay=405, Greedy relay=405
Iteration 23000: MARL relay=417, Greedy relay=417
Iteration 23001/100000 completed. Epsilon: 0.059125 Average AoI MARL: 10.51, Greedy: 31.13
Iteration 23100: MARL relay=402, Greedy relay=402
Iteration 23200: MARL relay=389, Greedy relay=389
Iteration 23300: MARL relay=392, Greedy relay=392
Iteration 23400: MARL relay=379, Greedy relay=379
Iteration 23500: MARL relay=380, Greedy relay=380
Iteration 23600: MARL relay=384, Greedy relay=384
Iteration 23700: MARL relay=381, Greedy relay=381
Iteration 23800: MARL relay=354, Greedy relay=354
Iteration 23900: MARL relay=360, Greedy relay=360
Iteration 24000: MARL relay=362, Greedy relay=362
Iteration 24001/100000 completed. Epsilon: 0.056074 Average AoI MARL: 10.74, Greedy: 31.62
Iteration 24100: MARL relay=379, Greedy relay=379
Iteration 24200: MARL relay=415, Greedy relay=415
Iteration 24300: MARL relay=398, Greedy relay=398
Iteration 24400: MARL relay=394, Greedy relay=394
Iteration 24500: MARL relay=383, Greedy relay=383
Iteration 24600: MARL relay=369, Greedy relay=369
Iteration 24700: MARL relay=377, Greedy relay=377
Iteration 24800: MARL relay=384, Greedy relay=384
Iteration 24900: MARL relay=415, Greedy relay=415
Iteration 25000: MARL relay=417, Greedy relay=417
Iteration 25001/100000 completed. Epsilon: 0.053180 Average AoI MARL: 10.42, Greedy: 30.68
Iteration 25100: MARL relay=388, Greedy relay=388
Iteration 25200: MARL relay=368, Greedy relay=368
Iteration 25300: MARL relay=362, Greedy relay=362
Iteration 25400: MARL relay=420, Greedy relay=420
Iteration 25500: MARL relay=397, Greedy relay=397
Iteration 25600: MARL relay=387, Greedy relay=387
Iteration 25700: MARL relay=373, Greedy relay=373
Iteration 25800: MARL relay=393, Greedy relay=393
Iteration 25900: MARL relay=373, Greedy relay=373
Iteration 26000: MARL relay=394, Greedy relay=394
Iteration 26001/100000 completed. Epsilon: 0.050436 Average AoI MARL: 10.41, Greedy: 29.10
Iteration 26100: MARL relay=369, Greedy relay=369
Iteration 26200: MARL relay=363, Greedy relay=363
Iteration 26300: MARL relay=402, Greedy relay=402
Iteration 26400: MARL relay=397, Greedy relay=397
Iteration 26500: MARL relay=381, Greedy relay=381
Iteration 26600: MARL relay=378, Greedy relay=378
Iteration 26700: MARL relay=379, Greedy relay=379
Iteration 26800: MARL relay=409, Greedy relay=409
Iteration 26900: MARL relay=422, Greedy relay=422
Iteration 27000: MARL relay=389, Greedy relay=389
Iteration 27001/100000 completed. Epsilon: 0.047833 Average AoI MARL: 10.30, Greedy: 28.01
Iteration 27100: MARL relay=390, Greedy relay=390
Iteration 27200: MARL relay=400, Greedy relay=400
Iteration 27300: MARL relay=377, Greedy relay=377
Iteration 27400: MARL relay=390, Greedy relay=390
Iteration 27500: MARL relay=356, Greedy relay=356
Iteration 27600: MARL relay=422, Greedy relay=422
Iteration 27700: MARL relay=382, Greedy relay=382
Iteration 27800: MARL relay=410, Greedy relay=410
Iteration 27900: MARL relay=413, Greedy relay=413
Iteration 28000: MARL relay=414, Greedy relay=414
Iteration 28001/100000 completed. Epsilon: 0.045365 Average AoI MARL: 10.41, Greedy: 28.14
Iteration 28100: MARL relay=381, Greedy relay=381
Iteration 28200: MARL relay=395, Greedy relay=395
Iteration 28300: MARL relay=411, Greedy relay=411
Iteration 28400: MARL relay=395, Greedy relay=395
Iteration 28500: MARL relay=391, Greedy relay=391
Iteration 28600: MARL relay=409, Greedy relay=409
Iteration 28700: MARL relay=449, Greedy relay=449
Iteration 28800: MARL relay=363, Greedy relay=363
Iteration 28900: MARL relay=379, Greedy relay=379
Iteration 29000: MARL relay=388, Greedy relay=388
Iteration 29001/100000 completed. Epsilon: 0.043024 Average AoI MARL: 10.65, Greedy: 28.13
Iteration 29100: MARL relay=375, Greedy relay=375
Iteration 29200: MARL relay=398, Greedy relay=398
Iteration 29300: MARL relay=396, Greedy relay=396
Iteration 29400: MARL relay=365, Greedy relay=365
Iteration 29500: MARL relay=398, Greedy relay=398
Iteration 29600: MARL relay=424, Greedy relay=424
Iteration 29700: MARL relay=404, Greedy relay=404
Iteration 29800: MARL relay=402, Greedy relay=402
Iteration 29900: MARL relay=389, Greedy relay=389
Iteration 30000: MARL relay=387, Greedy relay=387
Iteration 30001/100000 completed. Epsilon: 0.040804 Average AoI MARL: 10.33, Greedy: 28.60
Iteration 30100: MARL relay=385, Greedy relay=385
Iteration 30200: MARL relay=380, Greedy relay=380
Iteration 30300: MARL relay=402, Greedy relay=402
Iteration 30400: MARL relay=363, Greedy relay=363
Iteration 30500: MARL relay=396, Greedy relay=396
Iteration 30600: MARL relay=395, Greedy relay=395
Iteration 30700: MARL relay=385, Greedy relay=385
Iteration 30800: MARL relay=378, Greedy relay=378
Iteration 30900: MARL relay=403, Greedy relay=403
Iteration 31000: MARL relay=391, Greedy relay=391
Iteration 31001/100000 completed. Epsilon: 0.038698 Average AoI MARL: 10.65, Greedy: 30.86
Iteration 31100: MARL relay=393, Greedy relay=393
Iteration 31200: MARL relay=351, Greedy relay=351
Iteration 31300: MARL relay=401, Greedy relay=401
Iteration 31400: MARL relay=393, Greedy relay=393
Iteration 31500: MARL relay=396, Greedy relay=396
Iteration 31600: MARL relay=361, Greedy relay=361
Iteration 31700: MARL relay=347, Greedy relay=347
Iteration 31800: MARL relay=383, Greedy relay=383
Iteration 31900: MARL relay=408, Greedy relay=408
Iteration 32000: MARL relay=376, Greedy relay=376
Iteration 32001/100000 completed. Epsilon: 0.036701 Average AoI MARL: 11.14, Greedy: 34.97
Iteration 32100: MARL relay=405, Greedy relay=405
Iteration 32200: MARL relay=398, Greedy relay=398
Iteration 32300: MARL relay=397, Greedy relay=397
Iteration 32400: MARL relay=385, Greedy relay=385
Iteration 32500: MARL relay=359, Greedy relay=359
Iteration 32600: MARL relay=402, Greedy relay=402
Iteration 32700: MARL relay=406, Greedy relay=406
Iteration 32800: MARL relay=379, Greedy relay=379
Iteration 32900: MARL relay=380, Greedy relay=380
Iteration 33000: MARL relay=367, Greedy relay=367
Iteration 33001/100000 completed. Epsilon: 0.034807 Average AoI MARL: 10.56, Greedy: 35.11
Iteration 33100: MARL relay=395, Greedy relay=395
Iteration 33200: MARL relay=387, Greedy relay=387
Iteration 33300: MARL relay=369, Greedy relay=369
Iteration 33400: MARL relay=412, Greedy relay=412
Iteration 33500: MARL relay=387, Greedy relay=387
Iteration 33600: MARL relay=398, Greedy relay=398
Iteration 33700: MARL relay=406, Greedy relay=406
Iteration 33800: MARL relay=395, Greedy relay=395
Iteration 33900: MARL relay=371, Greedy relay=371
Iteration 34000: MARL relay=388, Greedy relay=388
Iteration 34001/100000 completed. Epsilon: 0.033011 Average AoI MARL: 10.61, Greedy: 33.74
Iteration 34100: MARL relay=369, Greedy relay=369
Iteration 34200: MARL relay=394, Greedy relay=394
Iteration 34300: MARL relay=374, Greedy relay=374
Iteration 34400: MARL relay=357, Greedy relay=357
Iteration 34500: MARL relay=383, Greedy relay=383
Iteration 34600: MARL relay=403, Greedy relay=403
Iteration 34700: MARL relay=355, Greedy relay=355
Iteration 34800: MARL relay=390, Greedy relay=390
Iteration 34900: MARL relay=384, Greedy relay=384
Iteration 35000: MARL relay=397, Greedy relay=397
Iteration 35001/100000 completed. Epsilon: 0.031307 Average AoI MARL: 10.36, Greedy: 31.10
Iteration 35100: MARL relay=379, Greedy relay=379
Iteration 35200: MARL relay=358, Greedy relay=358
Iteration 35300: MARL relay=343, Greedy relay=343
Iteration 35400: MARL relay=401, Greedy relay=401
Iteration 35500: MARL relay=383, Greedy relay=383
Iteration 35600: MARL relay=372, Greedy relay=372
Iteration 35700: MARL relay=389, Greedy relay=389
Iteration 35800: MARL relay=395, Greedy relay=395
Iteration 35900: MARL relay=391, Greedy relay=391
Iteration 36000: MARL relay=400, Greedy relay=400
Iteration 36001/100000 completed. Epsilon: 0.029692 Average AoI MARL: 10.60, Greedy: 30.20
Iteration 36100: MARL relay=371, Greedy relay=371
Iteration 36200: MARL relay=393, Greedy relay=393
Iteration 36300: MARL relay=391, Greedy relay=391
Iteration 36400: MARL relay=372, Greedy relay=372
Iteration 36500: MARL relay=423, Greedy relay=423
Iteration 36600: MARL relay=364, Greedy relay=364
Iteration 36700: MARL relay=385, Greedy relay=385
Iteration 36800: MARL relay=396, Greedy relay=396
Iteration 36900: MARL relay=384, Greedy relay=384
Iteration 37000: MARL relay=378, Greedy relay=378
Iteration 37001/100000 completed. Epsilon: 0.028160 Average AoI MARL: 10.02, Greedy: 30.15
Iteration 37100: MARL relay=370, Greedy relay=370
Iteration 37200: MARL relay=365, Greedy relay=365
Iteration 37300: MARL relay=419, Greedy relay=419
Iteration 37400: MARL relay=430, Greedy relay=430
Iteration 37500: MARL relay=361, Greedy relay=361
Iteration 37600: MARL relay=392, Greedy relay=392
Iteration 37700: MARL relay=407, Greedy relay=407
Iteration 37800: MARL relay=385, Greedy relay=385
Iteration 37900: MARL relay=359, Greedy relay=359
Iteration 38000: MARL relay=419, Greedy relay=419
Iteration 38001/100000 completed. Epsilon: 0.026706 Average AoI MARL: 9.96, Greedy: 27.76
Iteration 38100: MARL relay=406, Greedy relay=406
Iteration 38200: MARL relay=404, Greedy relay=404
Iteration 38300: MARL relay=401, Greedy relay=401
Iteration 38400: MARL relay=357, Greedy relay=357
Iteration 38500: MARL relay=384, Greedy relay=384
Iteration 38600: MARL relay=448, Greedy relay=448
Iteration 38700: MARL relay=359, Greedy relay=359
Iteration 38800: MARL relay=384, Greedy relay=384
Iteration 38900: MARL relay=419, Greedy relay=419
Iteration 39000: MARL relay=376, Greedy relay=376
Iteration 39001/100000 completed. Epsilon: 0.025328 Average AoI MARL: 10.15, Greedy: 27.22
Iteration 39100: MARL relay=398, Greedy relay=398
Iteration 39200: MARL relay=382, Greedy relay=382
Iteration 39300: MARL relay=370, Greedy relay=370
Iteration 39400: MARL relay=401, Greedy relay=401
Iteration 39500: MARL relay=359, Greedy relay=359
Iteration 39600: MARL relay=409, Greedy relay=409
Iteration 39700: MARL relay=363, Greedy relay=363
Iteration 39800: MARL relay=362, Greedy relay=362
Iteration 39900: MARL relay=406, Greedy relay=406
Iteration 40000: MARL relay=360, Greedy relay=360
Iteration 40001/100000 completed. Epsilon: 0.024021 Average AoI MARL: 10.43, Greedy: 29.31
Iteration 40100: MARL relay=421, Greedy relay=421
Iteration 40200: MARL relay=446, Greedy relay=446
Iteration 40300: MARL relay=388, Greedy relay=388
Iteration 40400: MARL relay=415, Greedy relay=415
Iteration 40500: MARL relay=434, Greedy relay=434
Iteration 40600: MARL relay=398, Greedy relay=398
Iteration 40700: MARL relay=375, Greedy relay=375
Iteration 40800: MARL relay=373, Greedy relay=373
Iteration 40900: MARL relay=394, Greedy relay=394
Iteration 41000: MARL relay=391, Greedy relay=391
Iteration 41001/100000 completed. Epsilon: 0.022782 Average AoI MARL: 10.32, Greedy: 29.32
Iteration 41100: MARL relay=387, Greedy relay=387
Iteration 41200: MARL relay=405, Greedy relay=405
Iteration 41300: MARL relay=410, Greedy relay=410
Iteration 41400: MARL relay=359, Greedy relay=359
Iteration 41500: MARL relay=370, Greedy relay=370
Iteration 41600: MARL relay=405, Greedy relay=405
Iteration 41700: MARL relay=406, Greedy relay=406
Iteration 41800: MARL relay=397, Greedy relay=397
Iteration 41900: MARL relay=363, Greedy relay=363
Iteration 42000: MARL relay=380, Greedy relay=380
Iteration 42001/100000 completed. Epsilon: 0.021606 Average AoI MARL: 10.13, Greedy: 28.44
Iteration 42100: MARL relay=425, Greedy relay=425
Iteration 42200: MARL relay=380, Greedy relay=380
Iteration 42300: MARL relay=353, Greedy relay=353
Iteration 42400: MARL relay=371, Greedy relay=371
Iteration 42500: MARL relay=381, Greedy relay=381
Iteration 42600: MARL relay=345, Greedy relay=345
Iteration 42700: MARL relay=373, Greedy relay=373
Iteration 42800: MARL relay=381, Greedy relay=381
Iteration 42900: MARL relay=392, Greedy relay=392
Iteration 43000: MARL relay=396, Greedy relay=396
Iteration 43001/100000 completed. Epsilon: 0.020491 Average AoI MARL: 10.16, Greedy: 27.66
Iteration 43100: MARL relay=406, Greedy relay=406
Iteration 43200: MARL relay=373, Greedy relay=373
Iteration 43300: MARL relay=403, Greedy relay=403
Iteration 43400: MARL relay=380, Greedy relay=380
Iteration 43500: MARL relay=383, Greedy relay=383
Iteration 43600: MARL relay=361, Greedy relay=361
Iteration 43700: MARL relay=350, Greedy relay=350
Iteration 43800: MARL relay=382, Greedy relay=382
Iteration 43900: MARL relay=399, Greedy relay=399
Iteration 44000: MARL relay=388, Greedy relay=388
Iteration 44001/100000 completed. Epsilon: 0.019434 Average AoI MARL: 10.63, Greedy: 30.27
Iteration 44100: MARL relay=416, Greedy relay=416
Iteration 44200: MARL relay=388, Greedy relay=388
Iteration 44300: MARL relay=381, Greedy relay=381
Iteration 44400: MARL relay=410, Greedy relay=410
Iteration 44500: MARL relay=397, Greedy relay=397
Iteration 44600: MARL relay=400, Greedy relay=400
Iteration 44700: MARL relay=366, Greedy relay=366
Iteration 44800: MARL relay=372, Greedy relay=372
Iteration 44900: MARL relay=400, Greedy relay=400
Iteration 45000: MARL relay=403, Greedy relay=403
Iteration 45001/100000 completed. Epsilon: 0.018431 Average AoI MARL: 10.38, Greedy: 31.75
Iteration 45100: MARL relay=384, Greedy relay=384
Iteration 45200: MARL relay=429, Greedy relay=429
Iteration 45300: MARL relay=383, Greedy relay=383
Iteration 45400: MARL relay=392, Greedy relay=392
Iteration 45500: MARL relay=421, Greedy relay=421
Iteration 45600: MARL relay=406, Greedy relay=406
Iteration 45700: MARL relay=400, Greedy relay=400
Iteration 45800: MARL relay=389, Greedy relay=389
Iteration 45900: MARL relay=366, Greedy relay=366
Iteration 46000: MARL relay=394, Greedy relay=394
Iteration 46001/100000 completed. Epsilon: 0.017480 Average AoI MARL: 10.55, Greedy: 32.33
Iteration 46100: MARL relay=404, Greedy relay=404
Iteration 46200: MARL relay=382, Greedy relay=382
Iteration 46300: MARL relay=373, Greedy relay=373
Iteration 46400: MARL relay=376, Greedy relay=376
Iteration 46500: MARL relay=405, Greedy relay=405
Iteration 46600: MARL relay=405, Greedy relay=405
Iteration 46700: MARL relay=358, Greedy relay=358
Iteration 46800: MARL relay=373, Greedy relay=373
Iteration 46900: MARL relay=372, Greedy relay=372
Iteration 47000: MARL relay=369, Greedy relay=369
Iteration 47001/100000 completed. Epsilon: 0.016578 Average AoI MARL: 10.40, Greedy: 33.24
Iteration 47100: MARL relay=395, Greedy relay=395
Iteration 47200: MARL relay=403, Greedy relay=403
Iteration 47300: MARL relay=375, Greedy relay=375
Iteration 47400: MARL relay=400, Greedy relay=400
Iteration 47500: MARL relay=395, Greedy relay=395
Iteration 47600: MARL relay=415, Greedy relay=415
Iteration 47700: MARL relay=387, Greedy relay=387
Iteration 47800: MARL relay=380, Greedy relay=380
Iteration 47900: MARL relay=390, Greedy relay=390
Iteration 48000: MARL relay=355, Greedy relay=355
Iteration 48001/100000 completed. Epsilon: 0.015722 Average AoI MARL: 10.59, Greedy: 33.59
Iteration 48100: MARL relay=387, Greedy relay=387
Iteration 48200: MARL relay=390, Greedy relay=390
Iteration 48300: MARL relay=359, Greedy relay=359
Iteration 48400: MARL relay=391, Greedy relay=391
Iteration 48500: MARL relay=369, Greedy relay=369
Iteration 48600: MARL relay=392, Greedy relay=392
Iteration 48700: MARL relay=392, Greedy relay=392
Iteration 48800: MARL relay=364, Greedy relay=364
Iteration 48900: MARL relay=412, Greedy relay=412
Iteration 49000: MARL relay=396, Greedy relay=396
Iteration 49001/100000 completed. Epsilon: 0.014911 Average AoI MARL: 10.34, Greedy: 33.47
Iteration 49100: MARL relay=400, Greedy relay=400
Iteration 49200: MARL relay=388, Greedy relay=388
Iteration 49300: MARL relay=395, Greedy relay=395
Iteration 49400: MARL relay=383, Greedy relay=383
Iteration 49500: MARL relay=396, Greedy relay=396
Iteration 49600: MARL relay=392, Greedy relay=392
Iteration 49700: MARL relay=372, Greedy relay=372
Iteration 49800: MARL relay=409, Greedy relay=409
Iteration 49900: MARL relay=384, Greedy relay=384
Iteration 50000: MARL relay=388, Greedy relay=388
Iteration 50001/100000 completed. Epsilon: 0.014141 Average AoI MARL: 10.16, Greedy: 31.74
Iteration 50100: MARL relay=350, Greedy relay=350
Iteration 50200: MARL relay=396, Greedy relay=396
Iteration 50300: MARL relay=380, Greedy relay=380
Iteration 50400: MARL relay=348, Greedy relay=348
Iteration 50500: MARL relay=374, Greedy relay=374
Iteration 50600: MARL relay=382, Greedy relay=382
Iteration 50700: MARL relay=376, Greedy relay=376
Iteration 50800: MARL relay=403, Greedy relay=403
Iteration 50900: MARL relay=381, Greedy relay=381
Iteration 51000: MARL relay=369, Greedy relay=369
Iteration 51001/100000 completed. Epsilon: 0.013412 Average AoI MARL: 10.10, Greedy: 28.55
Iteration 51100: MARL relay=404, Greedy relay=404
Iteration 51200: MARL relay=395, Greedy relay=395
Iteration 51300: MARL relay=402, Greedy relay=402
Iteration 51400: MARL relay=366, Greedy relay=366
Iteration 51500: MARL relay=395, Greedy relay=395
Iteration 51600: MARL relay=404, Greedy relay=404
Iteration 51700: MARL relay=369, Greedy relay=369
Iteration 51800: MARL relay=408, Greedy relay=408
Iteration 51900: MARL relay=425, Greedy relay=425
Iteration 52000: MARL relay=374, Greedy relay=374
Iteration 52001/100000 completed. Epsilon: 0.012720 Average AoI MARL: 9.93, Greedy: 27.86
Iteration 52100: MARL relay=426, Greedy relay=426
Iteration 52200: MARL relay=392, Greedy relay=392
Iteration 52300: MARL relay=383, Greedy relay=383
Iteration 52400: MARL relay=394, Greedy relay=394
Iteration 52500: MARL relay=377, Greedy relay=377
Iteration 52600: MARL relay=364, Greedy relay=364
Iteration 52700: MARL relay=400, Greedy relay=400
Iteration 52800: MARL relay=370, Greedy relay=370
Iteration 52900: MARL relay=402, Greedy relay=402
Iteration 53000: MARL relay=393, Greedy relay=393
Iteration 53001/100000 completed. Epsilon: 0.012063 Average AoI MARL: 10.29, Greedy: 28.36
Iteration 53100: MARL relay=388, Greedy relay=388
Iteration 53200: MARL relay=340, Greedy relay=340
Iteration 53300: MARL relay=402, Greedy relay=402
Iteration 53400: MARL relay=400, Greedy relay=400
Iteration 53500: MARL relay=412, Greedy relay=412
Iteration 53600: MARL relay=396, Greedy relay=396
Iteration 53700: MARL relay=392, Greedy relay=392
Iteration 53800: MARL relay=377, Greedy relay=377
Iteration 53900: MARL relay=377, Greedy relay=377
Iteration 54000: MARL relay=373, Greedy relay=373
Iteration 54001/100000 completed. Epsilon: 0.011441 Average AoI MARL: 10.46, Greedy: 30.21
Iteration 54100: MARL relay=390, Greedy relay=390
Iteration 54200: MARL relay=396, Greedy relay=396
Iteration 54300: MARL relay=356, Greedy relay=356
Iteration 54400: MARL relay=393, Greedy relay=393
Iteration 54500: MARL relay=401, Greedy relay=401
Iteration 54600: MARL relay=397, Greedy relay=397
Iteration 54700: MARL relay=419, Greedy relay=419
Iteration 54800: MARL relay=390, Greedy relay=390
Iteration 54900: MARL relay=395, Greedy relay=395
Iteration 55000: MARL relay=387, Greedy relay=387
Iteration 55001/100000 completed. Epsilon: 0.010850 Average AoI MARL: 10.45, Greedy: 33.53
Iteration 55100: MARL relay=341, Greedy relay=341
Iteration 55200: MARL relay=385, Greedy relay=385
Iteration 55300: MARL relay=416, Greedy relay=416
Iteration 55400: MARL relay=394, Greedy relay=394
Iteration 55500: MARL relay=385, Greedy relay=385
Iteration 55600: MARL relay=382, Greedy relay=382
Iteration 55700: MARL relay=414, Greedy relay=414
Iteration 55800: MARL relay=352, Greedy relay=352
Iteration 55900: MARL relay=386, Greedy relay=386
Iteration 56000: MARL relay=371, Greedy relay=371
Iteration 56001/100000 completed. Epsilon: 0.010290 Average AoI MARL: 10.20, Greedy: 31.97
Iteration 56100: MARL relay=408, Greedy relay=408
Iteration 56200: MARL relay=401, Greedy relay=401
Iteration 56300: MARL relay=392, Greedy relay=392
Iteration 56400: MARL relay=387, Greedy relay=387
Iteration 56500: MARL relay=392, Greedy relay=392
Iteration 56600: MARL relay=402, Greedy relay=402
Iteration 56700: MARL relay=398, Greedy relay=398
Iteration 56800: MARL relay=382, Greedy relay=382
Iteration 56900: MARL relay=366, Greedy relay=366
Iteration 57000: MARL relay=407, Greedy relay=407
Iteration 57001/100000 completed. Epsilon: 0.009759 Average AoI MARL: 10.39, Greedy: 30.20
Iteration 57100: MARL relay=403, Greedy relay=403
Iteration 57200: MARL relay=346, Greedy relay=346
Iteration 57300: MARL relay=389, Greedy relay=389
Iteration 57400: MARL relay=378, Greedy relay=378
Iteration 57500: MARL relay=363, Greedy relay=363
Iteration 57600: MARL relay=370, Greedy relay=370
Iteration 57700: MARL relay=348, Greedy relay=348
Iteration 57800: MARL relay=381, Greedy relay=381
Iteration 57900: MARL relay=391, Greedy relay=391
Iteration 58000: MARL relay=394, Greedy relay=394
Iteration 58001/100000 completed. Epsilon: 0.009256 Average AoI MARL: 9.94, Greedy: 29.22
Iteration 58100: MARL relay=404, Greedy relay=404
Iteration 58200: MARL relay=401, Greedy relay=401
Iteration 58300: MARL relay=394, Greedy relay=394
Iteration 58400: MARL relay=429, Greedy relay=429
Iteration 58500: MARL relay=394, Greedy relay=394
Iteration 58600: MARL relay=387, Greedy relay=387
Iteration 58700: MARL relay=371, Greedy relay=371
Iteration 58800: MARL relay=392, Greedy relay=392
Iteration 58900: MARL relay=393, Greedy relay=393
Iteration 59000: MARL relay=392, Greedy relay=392
Iteration 59001/100000 completed. Epsilon: 0.008778 Average AoI MARL: 10.36, Greedy: 30.93
Iteration 59100: MARL relay=373, Greedy relay=373
Iteration 59200: MARL relay=397, Greedy relay=397
Iteration 59300: MARL relay=397, Greedy relay=397
Iteration 59400: MARL relay=396, Greedy relay=396
Iteration 59500: MARL relay=386, Greedy relay=386
Iteration 59600: MARL relay=404, Greedy relay=404
Iteration 59700: MARL relay=374, Greedy relay=374
Iteration 59800: MARL relay=394, Greedy relay=394
Iteration 59900: MARL relay=387, Greedy relay=387
Iteration 60000: MARL relay=384, Greedy relay=384
Iteration 60001/100000 completed. Epsilon: 0.008325 Average AoI MARL: 10.12, Greedy: 30.33
Iteration 60100: MARL relay=411, Greedy relay=411
Iteration 60200: MARL relay=399, Greedy relay=399
Iteration 60300: MARL relay=368, Greedy relay=368
Iteration 60400: MARL relay=384, Greedy relay=384
Iteration 60500: MARL relay=368, Greedy relay=368
Iteration 60600: MARL relay=372, Greedy relay=372
Iteration 60700: MARL relay=378, Greedy relay=378
Iteration 60800: MARL relay=402, Greedy relay=402
Iteration 60900: MARL relay=367, Greedy relay=367
Iteration 61000: MARL relay=372, Greedy relay=372
Iteration 61001/100000 completed. Epsilon: 0.007895 Average AoI MARL: 10.24, Greedy: 30.40
Iteration 61100: MARL relay=385, Greedy relay=385
Iteration 61200: MARL relay=387, Greedy relay=387
Iteration 61300: MARL relay=376, Greedy relay=376
Iteration 61400: MARL relay=371, Greedy relay=371
Iteration 61500: MARL relay=388, Greedy relay=388
Iteration 61600: MARL relay=421, Greedy relay=421
Iteration 61700: MARL relay=384, Greedy relay=384
Iteration 61800: MARL relay=410, Greedy relay=410
Iteration 61900: MARL relay=379, Greedy relay=379
Iteration 62000: MARL relay=368, Greedy relay=368
Iteration 62001/100000 completed. Epsilon: 0.007488 Average AoI MARL: 10.51, Greedy: 31.41
Iteration 62100: MARL relay=375, Greedy relay=375
Iteration 62200: MARL relay=365, Greedy relay=365
Iteration 62300: MARL relay=379, Greedy relay=379
Iteration 62400: MARL relay=408, Greedy relay=408
Iteration 62500: MARL relay=353, Greedy relay=353
Iteration 62600: MARL relay=376, Greedy relay=376
Iteration 62700: MARL relay=393, Greedy relay=393
Iteration 62800: MARL relay=427, Greedy relay=427
Iteration 62900: MARL relay=411, Greedy relay=411
Iteration 63000: MARL relay=440, Greedy relay=440
Iteration 63001/100000 completed. Epsilon: 0.007102 Average AoI MARL: 10.28, Greedy: 31.61
Iteration 63100: MARL relay=414, Greedy relay=414
Iteration 63200: MARL relay=374, Greedy relay=374
Iteration 63300: MARL relay=379, Greedy relay=379
Iteration 63400: MARL relay=405, Greedy relay=405
Iteration 63500: MARL relay=388, Greedy relay=388
Iteration 63600: MARL relay=393, Greedy relay=393
Iteration 63700: MARL relay=409, Greedy relay=409
Iteration 63800: MARL relay=384, Greedy relay=384
Iteration 63900: MARL relay=374, Greedy relay=374
Iteration 64000: MARL relay=371, Greedy relay=371
Iteration 64001/100000 completed. Epsilon: 0.006735 Average AoI MARL: 10.31, Greedy: 32.52
Iteration 64100: MARL relay=372, Greedy relay=372
Iteration 64200: MARL relay=385, Greedy relay=385
Iteration 64300: MARL relay=392, Greedy relay=392
Iteration 64400: MARL relay=342, Greedy relay=342
Iteration 64500: MARL relay=371, Greedy relay=371
Iteration 64600: MARL relay=385, Greedy relay=385
Iteration 64700: MARL relay=381, Greedy relay=381
Iteration 64800: MARL relay=402, Greedy relay=402
Iteration 64900: MARL relay=370, Greedy relay=370
Iteration 65000: MARL relay=391, Greedy relay=391
Iteration 65001/100000 completed. Epsilon: 0.006388 Average AoI MARL: 10.19, Greedy: 30.60
Iteration 65100: MARL relay=383, Greedy relay=383
Iteration 65200: MARL relay=395, Greedy relay=395
Iteration 65300: MARL relay=418, Greedy relay=418
Iteration 65400: MARL relay=402, Greedy relay=402
Iteration 65500: MARL relay=347, Greedy relay=347
Iteration 65600: MARL relay=375, Greedy relay=375
Iteration 65700: MARL relay=348, Greedy relay=348
Iteration 65800: MARL relay=393, Greedy relay=393
Iteration 65900: MARL relay=408, Greedy relay=408
Iteration 66000: MARL relay=384, Greedy relay=384
Iteration 66001/100000 completed. Epsilon: 0.006058 Average AoI MARL: 10.14, Greedy: 30.18
Iteration 66100: MARL relay=370, Greedy relay=370
Iteration 66200: MARL relay=377, Greedy relay=377
Iteration 66300: MARL relay=358, Greedy relay=358
Iteration 66400: MARL relay=383, Greedy relay=383
Iteration 66500: MARL relay=376, Greedy relay=376
Iteration 66600: MARL relay=372, Greedy relay=372
Iteration 66700: MARL relay=404, Greedy relay=404
Iteration 66800: MARL relay=358, Greedy relay=358
Iteration 66900: MARL relay=393, Greedy relay=393
Iteration 67000: MARL relay=402, Greedy relay=402
Iteration 67001/100000 completed. Epsilon: 0.005745 Average AoI MARL: 9.86, Greedy: 28.16
Iteration 67100: MARL relay=387, Greedy relay=387
Iteration 67200: MARL relay=384, Greedy relay=384
Iteration 67300: MARL relay=401, Greedy relay=401
Iteration 67400: MARL relay=378, Greedy relay=378
Iteration 67500: MARL relay=393, Greedy relay=393
Iteration 67600: MARL relay=398, Greedy relay=398
Iteration 67700: MARL relay=401, Greedy relay=401
Iteration 67800: MARL relay=391, Greedy relay=391
Iteration 67900: MARL relay=394, Greedy relay=394
Iteration 68000: MARL relay=386, Greedy relay=386
Iteration 68001/100000 completed. Epsilon: 0.005449 Average AoI MARL: 10.06, Greedy: 27.68
Iteration 68100: MARL relay=376, Greedy relay=376
Iteration 68200: MARL relay=362, Greedy relay=362
Iteration 68300: MARL relay=371, Greedy relay=371
Iteration 68400: MARL relay=355, Greedy relay=355
Iteration 68500: MARL relay=371, Greedy relay=371
Iteration 68600: MARL relay=378, Greedy relay=378
Iteration 68700: MARL relay=375, Greedy relay=375
Iteration 68800: MARL relay=410, Greedy relay=410
Iteration 68900: MARL relay=370, Greedy relay=370
Iteration 69000: MARL relay=382, Greedy relay=382
Iteration 69001/100000 completed. Epsilon: 0.005168 Average AoI MARL: 9.55, Greedy: 25.02
Iteration 69100: MARL relay=364, Greedy relay=364
Iteration 69200: MARL relay=406, Greedy relay=406
Iteration 69300: MARL relay=364, Greedy relay=364
Iteration 69400: MARL relay=379, Greedy relay=379
Iteration 69500: MARL relay=373, Greedy relay=373
Iteration 69600: MARL relay=403, Greedy relay=403
Iteration 69700: MARL relay=380, Greedy relay=380
Iteration 69800: MARL relay=356, Greedy relay=356
Iteration 69900: MARL relay=369, Greedy relay=369
Iteration 70000: MARL relay=378, Greedy relay=378
Iteration 70001/100000 completed. Epsilon: 0.004901 Average AoI MARL: 10.34, Greedy: 27.57
Iteration 70100: MARL relay=363, Greedy relay=363
Iteration 70200: MARL relay=387, Greedy relay=387
Iteration 70300: MARL relay=383, Greedy relay=383
Iteration 70400: MARL relay=410, Greedy relay=410
Iteration 70500: MARL relay=406, Greedy relay=406
Iteration 70600: MARL relay=378, Greedy relay=378
Iteration 70700: MARL relay=380, Greedy relay=380
Iteration 70800: MARL relay=351, Greedy relay=351
Iteration 70900: MARL relay=402, Greedy relay=402
Iteration 71000: MARL relay=391, Greedy relay=391
Iteration 71001/100000 completed. Epsilon: 0.004648 Average AoI MARL: 10.33, Greedy: 29.07
Iteration 71100: MARL relay=402, Greedy relay=402
Iteration 71200: MARL relay=390, Greedy relay=390
Iteration 71300: MARL relay=379, Greedy relay=379
Iteration 71400: MARL relay=361, Greedy relay=361
Iteration 71500: MARL relay=395, Greedy relay=395
Iteration 71600: MARL relay=384, Greedy relay=384
Iteration 71700: MARL relay=387, Greedy relay=387
Iteration 71800: MARL relay=382, Greedy relay=382
Iteration 71900: MARL relay=379, Greedy relay=379
Iteration 72000: MARL relay=397, Greedy relay=397
Iteration 72001/100000 completed. Epsilon: 0.004408 Average AoI MARL: 10.21, Greedy: 28.88
Iteration 72100: MARL relay=379, Greedy relay=379
Iteration 72200: MARL relay=360, Greedy relay=360
Iteration 72300: MARL relay=420, Greedy relay=420
Iteration 72400: MARL relay=379, Greedy relay=379
Iteration 72500: MARL relay=377, Greedy relay=377
Iteration 72600: MARL relay=357, Greedy relay=357
Iteration 72700: MARL relay=378, Greedy relay=378
Iteration 72800: MARL relay=405, Greedy relay=405
Iteration 72900: MARL relay=397, Greedy relay=397
Iteration 73000: MARL relay=392, Greedy relay=392
Iteration 73001/100000 completed. Epsilon: 0.004181 Average AoI MARL: 10.40, Greedy: 30.21
Iteration 73100: MARL relay=429, Greedy relay=429
Iteration 73200: MARL relay=398, Greedy relay=398
Iteration 73300: MARL relay=385, Greedy relay=385
Iteration 73400: MARL relay=365, Greedy relay=365
Iteration 73500: MARL relay=359, Greedy relay=359
Iteration 73600: MARL relay=380, Greedy relay=380
Iteration 73700: MARL relay=380, Greedy relay=380
Iteration 73800: MARL relay=365, Greedy relay=365
Iteration 73900: MARL relay=381, Greedy relay=381
Iteration 74000: MARL relay=381, Greedy relay=381
Iteration 74001/100000 completed. Epsilon: 0.003965 Average AoI MARL: 10.52, Greedy: 31.12
Iteration 74100: MARL relay=386, Greedy relay=386
Iteration 74200: MARL relay=402, Greedy relay=402
Iteration 74300: MARL relay=379, Greedy relay=379
Iteration 74400: MARL relay=396, Greedy relay=396
Iteration 74500: MARL relay=409, Greedy relay=409
Iteration 74600: MARL relay=395, Greedy relay=395
Iteration 74700: MARL relay=419, Greedy relay=419
Iteration 74800: MARL relay=369, Greedy relay=369
Iteration 74900: MARL relay=425, Greedy relay=425
Iteration 75000: MARL relay=328, Greedy relay=328
Iteration 75001/100000 completed. Epsilon: 0.003760 Average AoI MARL: 10.22, Greedy: 30.17
Iteration 75100: MARL relay=415, Greedy relay=415
Iteration 75200: MARL relay=388, Greedy relay=388
Iteration 75300: MARL relay=377, Greedy relay=377
Iteration 75400: MARL relay=414, Greedy relay=414
Iteration 75500: MARL relay=409, Greedy relay=409
Iteration 75600: MARL relay=399, Greedy relay=399
Iteration 75700: MARL relay=380, Greedy relay=380
Iteration 75800: MARL relay=390, Greedy relay=390
Iteration 75900: MARL relay=375, Greedy relay=375
Iteration 76000: MARL relay=373, Greedy relay=373
Iteration 76001/100000 completed. Epsilon: 0.003566 Average AoI MARL: 9.98, Greedy: 29.62
Iteration 76100: MARL relay=386, Greedy relay=386
Iteration 76200: MARL relay=384, Greedy relay=384
Iteration 76300: MARL relay=418, Greedy relay=418
Iteration 76400: MARL relay=392, Greedy relay=392
Iteration 76500: MARL relay=398, Greedy relay=398
Iteration 76600: MARL relay=389, Greedy relay=389
Iteration 76700: MARL relay=357, Greedy relay=357
Iteration 76800: MARL relay=408, Greedy relay=408
Iteration 76900: MARL relay=380, Greedy relay=380
Iteration 77000: MARL relay=390, Greedy relay=390
Iteration 77001/100000 completed. Epsilon: 0.003382 Average AoI MARL: 9.91, Greedy: 28.34
Iteration 77100: MARL relay=422, Greedy relay=422
Iteration 77200: MARL relay=379, Greedy relay=379
Iteration 77300: MARL relay=406, Greedy relay=406
Iteration 77400: MARL relay=367, Greedy relay=367
Iteration 77500: MARL relay=404, Greedy relay=404
Iteration 77600: MARL relay=400, Greedy relay=400
Iteration 77700: MARL relay=396, Greedy relay=396
Iteration 77800: MARL relay=395, Greedy relay=395
Iteration 77900: MARL relay=360, Greedy relay=360
Iteration 78000: MARL relay=379, Greedy relay=379
Iteration 78001/100000 completed. Epsilon: 0.003208 Average AoI MARL: 10.17, Greedy: 28.27
Iteration 78100: MARL relay=351, Greedy relay=351
Iteration 78200: MARL relay=387, Greedy relay=387
Iteration 78300: MARL relay=384, Greedy relay=384
Iteration 78400: MARL relay=384, Greedy relay=384
Iteration 78500: MARL relay=388, Greedy relay=388
Iteration 78600: MARL relay=347, Greedy relay=347
Iteration 78700: MARL relay=388, Greedy relay=388
Iteration 78800: MARL relay=379, Greedy relay=379
Iteration 78900: MARL relay=413, Greedy relay=413
Iteration 79000: MARL relay=382, Greedy relay=382
Iteration 79001/100000 completed. Epsilon: 0.003042 Average AoI MARL: 9.99, Greedy: 29.32
Iteration 79100: MARL relay=396, Greedy relay=396
Iteration 79200: MARL relay=370, Greedy relay=370
Iteration 79300: MARL relay=360, Greedy relay=360
Iteration 79400: MARL relay=379, Greedy relay=379
Iteration 79500: MARL relay=398, Greedy relay=398
Iteration 79600: MARL relay=380, Greedy relay=380
Iteration 79700: MARL relay=352, Greedy relay=352
Iteration 79800: MARL relay=369, Greedy relay=369
Iteration 79900: MARL relay=394, Greedy relay=394
Iteration 80000: MARL relay=387, Greedy relay=387
Iteration 80001/100000 completed. Epsilon: 0.002885 Average AoI MARL: 9.91, Greedy: 27.69
Iteration 80100: MARL relay=396, Greedy relay=396
Iteration 80200: MARL relay=382, Greedy relay=382
Iteration 80300: MARL relay=405, Greedy relay=405
Iteration 80400: MARL relay=388, Greedy relay=388
Iteration 80500: MARL relay=335, Greedy relay=335
Iteration 80600: MARL relay=404, Greedy relay=404
Iteration 80700: MARL relay=382, Greedy relay=382
Iteration 80800: MARL relay=368, Greedy relay=368
Iteration 80900: MARL relay=351, Greedy relay=351
Iteration 81000: MARL relay=370, Greedy relay=370
Iteration 81001/100000 completed. Epsilon: 0.002736 Average AoI MARL: 10.09, Greedy: 27.88
Iteration 81100: MARL relay=354, Greedy relay=354
Iteration 81200: MARL relay=359, Greedy relay=359
Iteration 81300: MARL relay=382, Greedy relay=382
Iteration 81400: MARL relay=397, Greedy relay=397
Iteration 81500: MARL relay=376, Greedy relay=376
Iteration 81600: MARL relay=378, Greedy relay=378
Iteration 81700: MARL relay=388, Greedy relay=388
Iteration 81800: MARL relay=397, Greedy relay=397
Iteration 81900: MARL relay=391, Greedy relay=391
Iteration 82000: MARL relay=386, Greedy relay=386
Iteration 82001/100000 completed. Epsilon: 0.002595 Average AoI MARL: 10.14, Greedy: 26.74
Iteration 82100: MARL relay=369, Greedy relay=369
Iteration 82200: MARL relay=374, Greedy relay=374
Iteration 82300: MARL relay=411, Greedy relay=411
Iteration 82400: MARL relay=394, Greedy relay=394
Iteration 82500: MARL relay=405, Greedy relay=405
Iteration 82600: MARL relay=368, Greedy relay=368
Iteration 82700: MARL relay=391, Greedy relay=391
Iteration 82800: MARL relay=391, Greedy relay=391
Iteration 82900: MARL relay=375, Greedy relay=375
Iteration 83000: MARL relay=371, Greedy relay=371
Iteration 83001/100000 completed. Epsilon: 0.002461 Average AoI MARL: 9.63, Greedy: 25.93
Iteration 83100: MARL relay=358, Greedy relay=358
Iteration 83200: MARL relay=384, Greedy relay=384
Iteration 83300: MARL relay=395, Greedy relay=395
Iteration 83400: MARL relay=401, Greedy relay=401
Iteration 83500: MARL relay=412, Greedy relay=412
Iteration 83600: MARL relay=374, Greedy relay=374
Iteration 83700: MARL relay=382, Greedy relay=382
Iteration 83800: MARL relay=343, Greedy relay=343
Iteration 83900: MARL relay=392, Greedy relay=392
Iteration 84000: MARL relay=384, Greedy relay=384
Iteration 84001/100000 completed. Epsilon: 0.002334 Average AoI MARL: 10.10, Greedy: 26.67
Iteration 84100: MARL relay=367, Greedy relay=367
Iteration 84200: MARL relay=405, Greedy relay=405
Iteration 84300: MARL relay=388, Greedy relay=388
Iteration 84400: MARL relay=371, Greedy relay=371
Iteration 84500: MARL relay=376, Greedy relay=376
Iteration 84600: MARL relay=362, Greedy relay=362
Iteration 84700: MARL relay=402, Greedy relay=402
Iteration 84800: MARL relay=411, Greedy relay=411
Iteration 84900: MARL relay=372, Greedy relay=372
Iteration 85000: MARL relay=382, Greedy relay=382
Iteration 85001/100000 completed. Epsilon: 0.002214 Average AoI MARL: 10.20, Greedy: 27.87
Iteration 85100: MARL relay=399, Greedy relay=399
Iteration 85200: MARL relay=376, Greedy relay=376
Iteration 85300: MARL relay=405, Greedy relay=405
Iteration 85400: MARL relay=406, Greedy relay=406
Iteration 85500: MARL relay=418, Greedy relay=418
Iteration 85600: MARL relay=390, Greedy relay=390
Iteration 85700: MARL relay=374, Greedy relay=374
Iteration 85800: MARL relay=403, Greedy relay=403
Iteration 85900: MARL relay=391, Greedy relay=391
Iteration 86000: MARL relay=425, Greedy relay=425
Iteration 86001/100000 completed. Epsilon: 0.002100 Average AoI MARL: 10.01, Greedy: 29.23
Iteration 86100: MARL relay=395, Greedy relay=395
Iteration 86200: MARL relay=385, Greedy relay=385
Iteration 86300: MARL relay=365, Greedy relay=365
Iteration 86400: MARL relay=390, Greedy relay=390
Iteration 86500: MARL relay=355, Greedy relay=355
Iteration 86600: MARL relay=414, Greedy relay=414
Iteration 86700: MARL relay=362, Greedy relay=362
Iteration 86800: MARL relay=352, Greedy relay=352
Iteration 86900: MARL relay=409, Greedy relay=409
Iteration 87000: MARL relay=387, Greedy relay=387
Iteration 87001/100000 completed. Epsilon: 0.001991 Average AoI MARL: 10.53, Greedy: 33.45
Iteration 87100: MARL relay=385, Greedy relay=385
Iteration 87200: MARL relay=379, Greedy relay=379
Iteration 87300: MARL relay=396, Greedy relay=396
Iteration 87400: MARL relay=388, Greedy relay=388
Iteration 87500: MARL relay=386, Greedy relay=386
Iteration 87600: MARL relay=379, Greedy relay=379
Iteration 87700: MARL relay=373, Greedy relay=373
Iteration 87800: MARL relay=391, Greedy relay=391
Iteration 87900: MARL relay=368, Greedy relay=368
Iteration 88000: MARL relay=339, Greedy relay=339
Iteration 88001/100000 completed. Epsilon: 0.001888 Average AoI MARL: 9.80, Greedy: 29.45
Iteration 88100: MARL relay=405, Greedy relay=405
Iteration 88200: MARL relay=381, Greedy relay=381
Iteration 88300: MARL relay=372, Greedy relay=372
Iteration 88400: MARL relay=394, Greedy relay=394
Iteration 88500: MARL relay=368, Greedy relay=368
Iteration 88600: MARL relay=395, Greedy relay=395
Iteration 88700: MARL relay=400, Greedy relay=400
Iteration 88800: MARL relay=361, Greedy relay=361
Iteration 88900: MARL relay=353, Greedy relay=353
Iteration 89000: MARL relay=402, Greedy relay=402
Iteration 89001/100000 completed. Epsilon: 0.001791 Average AoI MARL: 9.97, Greedy: 27.49
Iteration 89100: MARL relay=369, Greedy relay=369
Iteration 89200: MARL relay=383, Greedy relay=383
Iteration 89300: MARL relay=390, Greedy relay=390
Iteration 89400: MARL relay=391, Greedy relay=391
Iteration 89500: MARL relay=349, Greedy relay=349
Iteration 89600: MARL relay=403, Greedy relay=403
Iteration 89700: MARL relay=397, Greedy relay=397
Iteration 89800: MARL relay=402, Greedy relay=402
Iteration 89900: MARL relay=374, Greedy relay=374
Iteration 90000: MARL relay=368, Greedy relay=368
Iteration 90001/100000 completed. Epsilon: 0.001699 Average AoI MARL: 10.07, Greedy: 27.94
Iteration 90100: MARL relay=366, Greedy relay=366
Iteration 90200: MARL relay=383, Greedy relay=383
Iteration 90300: MARL relay=396, Greedy relay=396
Iteration 90400: MARL relay=363, Greedy relay=363
Iteration 90500: MARL relay=396, Greedy relay=396
Iteration 90600: MARL relay=391, Greedy relay=391
Iteration 90700: MARL relay=363, Greedy relay=363
Iteration 90800: MARL relay=368, Greedy relay=368
Iteration 90900: MARL relay=401, Greedy relay=401
Iteration 91000: MARL relay=343, Greedy relay=343
Iteration 91001/100000 completed. Epsilon: 0.001611 Average AoI MARL: 10.17, Greedy: 30.83
Iteration 91100: MARL relay=392, Greedy relay=392
Iteration 91200: MARL relay=400, Greedy relay=400
Iteration 91300: MARL relay=369, Greedy relay=369
Iteration 91400: MARL relay=366, Greedy relay=366
Iteration 91500: MARL relay=375, Greedy relay=375
Iteration 91600: MARL relay=378, Greedy relay=378
Iteration 91700: MARL relay=383, Greedy relay=383
Iteration 91800: MARL relay=391, Greedy relay=391
Iteration 91900: MARL relay=348, Greedy relay=348
Iteration 92000: MARL relay=364, Greedy relay=364
Iteration 92001/100000 completed. Epsilon: 0.001528 Average AoI MARL: 10.23, Greedy: 31.10
Iteration 92100: MARL relay=381, Greedy relay=381
Iteration 92200: MARL relay=365, Greedy relay=365
Iteration 92300: MARL relay=359, Greedy relay=359
Iteration 92400: MARL relay=406, Greedy relay=406
Iteration 92500: MARL relay=407, Greedy relay=407
Iteration 92600: MARL relay=405, Greedy relay=405
Iteration 92700: MARL relay=381, Greedy relay=381
Iteration 92800: MARL relay=374, Greedy relay=374
Iteration 92900: MARL relay=399, Greedy relay=399
Iteration 93000: MARL relay=388, Greedy relay=388
Iteration 93001/100000 completed. Epsilon: 0.001449 Average AoI MARL: 9.91, Greedy: 30.31
Iteration 93100: MARL relay=406, Greedy relay=406
Iteration 93200: MARL relay=392, Greedy relay=392
Iteration 93300: MARL relay=409, Greedy relay=409
Iteration 93400: MARL relay=388, Greedy relay=388
Iteration 93500: MARL relay=388, Greedy relay=388
Iteration 93600: MARL relay=398, Greedy relay=398
Iteration 93700: MARL relay=383, Greedy relay=383
Iteration 93800: MARL relay=388, Greedy relay=388
Iteration 93900: MARL relay=388, Greedy relay=388
Iteration 94000: MARL relay=407, Greedy relay=407
Iteration 94001/100000 completed. Epsilon: 0.001374 Average AoI MARL: 10.45, Greedy: 31.72
Iteration 94100: MARL relay=384, Greedy relay=384
Iteration 94200: MARL relay=367, Greedy relay=367
Iteration 94300: MARL relay=356, Greedy relay=356
Iteration 94400: MARL relay=362, Greedy relay=362
Iteration 94500: MARL relay=418, Greedy relay=418
Iteration 94600: MARL relay=403, Greedy relay=403
Iteration 94700: MARL relay=397, Greedy relay=397
Iteration 94800: MARL relay=406, Greedy relay=406
Iteration 94900: MARL relay=374, Greedy relay=374
Iteration 95000: MARL relay=386, Greedy relay=386
Iteration 95001/100000 completed. Epsilon: 0.001303 Average AoI MARL: 10.33, Greedy: 33.42
Iteration 95100: MARL relay=409, Greedy relay=409
Iteration 95200: MARL relay=383, Greedy relay=383
Iteration 95300: MARL relay=353, Greedy relay=353
Iteration 95400: MARL relay=393, Greedy relay=393
Iteration 95500: MARL relay=383, Greedy relay=383
Iteration 95600: MARL relay=354, Greedy relay=354
Iteration 95700: MARL relay=360, Greedy relay=360
Iteration 95800: MARL relay=378, Greedy relay=378
Iteration 95900: MARL relay=387, Greedy relay=387
Iteration 96000: MARL relay=414, Greedy relay=414
Iteration 96001/100000 completed. Epsilon: 0.001236 Average AoI MARL: 10.24, Greedy: 33.40
Iteration 96100: MARL relay=371, Greedy relay=371
Iteration 96200: MARL relay=393, Greedy relay=393
Iteration 96300: MARL relay=393, Greedy relay=393
Iteration 96400: MARL relay=381, Greedy relay=381
Iteration 96500: MARL relay=381, Greedy relay=381
Iteration 96600: MARL relay=392, Greedy relay=392
Iteration 96700: MARL relay=391, Greedy relay=391
Iteration 96800: MARL relay=382, Greedy relay=382
Iteration 96900: MARL relay=381, Greedy relay=381
Iteration 97000: MARL relay=360, Greedy relay=360
Iteration 97001/100000 completed. Epsilon: 0.001172 Average AoI MARL: 10.57, Greedy: 33.34
Iteration 97100: MARL relay=359, Greedy relay=359
Iteration 97200: MARL relay=392, Greedy relay=392
Iteration 97300: MARL relay=351, Greedy relay=351
Iteration 97400: MARL relay=393, Greedy relay=393
Iteration 97500: MARL relay=418, Greedy relay=418
Iteration 97600: MARL relay=402, Greedy relay=402
Iteration 97700: MARL relay=375, Greedy relay=375
Iteration 97800: MARL relay=414, Greedy relay=414
Iteration 97900: MARL relay=401, Greedy relay=401
Iteration 98000: MARL relay=421, Greedy relay=421
Iteration 98001/100000 completed. Epsilon: 0.001112 Average AoI MARL: 10.23, Greedy: 32.46
Iteration 98100: MARL relay=360, Greedy relay=360
Iteration 98200: MARL relay=420, Greedy relay=420
Iteration 98300: MARL relay=369, Greedy relay=369
Iteration 98400: MARL relay=425, Greedy relay=425
Iteration 98500: MARL relay=419, Greedy relay=419
Iteration 98600: MARL relay=349, Greedy relay=349
Iteration 98700: MARL relay=374, Greedy relay=374
Iteration 98800: MARL relay=370, Greedy relay=370
Iteration 98900: MARL relay=388, Greedy relay=388
Iteration 99000: MARL relay=397, Greedy relay=397
Iteration 99001/100000 completed. Epsilon: 0.001054 Average AoI MARL: 10.06, Greedy: 30.87
Iteration 99100: MARL relay=413, Greedy relay=413
Iteration 99200: MARL relay=403, Greedy relay=403
Iteration 99300: MARL relay=377, Greedy relay=377
Iteration 99400: MARL relay=402, Greedy relay=402
Iteration 99500: MARL relay=399, Greedy relay=399
Iteration 99600: MARL relay=375, Greedy relay=375
Iteration 99700: MARL relay=392, Greedy relay=392
Iteration 99800: MARL relay=360, Greedy relay=360
Iteration 99900: MARL relay=394, Greedy relay=394
Completed in 323.25 seconds
Packet Loss MARL:  0.019940629415459283 Greedy:  0.005085576591692798
